PASS No nonexistent shift or comparison is exportable
PASS Nonexistent plan cannot make a shift
PASS A plan needs an explicit date before calendar mapping
PASS Shift freezes desired times without inventing completed work
PASS Work cards show actual clock labels and every job
PASS Downloadable work sheet contains original power, window and clock time
PASS Calendar export converts the explicit offset to UTC without alarms or invites
PASS Unreported jobs are not silently treated as zero energy
PASS Actual engine compares a fully reported run under the same conditions
PASS Run comparison and reopenable input record both download
PASS Outcome and interval edits remove stale comparisons
PASS Stopped hour is charged and the equivalent-work savings claim is blocked
PASS Shorter incomplete attempt cannot be relabelled completed
PASS Overlapping actual runs are rejected for the one-machine model
PASS Late completed work exposes its missed deadline
PASS Skipping all work never produces an equivalent-work saving
PASS Reopening retains reports of work but requires energy recomputation
PASS Reopened inputs reproduce the original calculation
PASS Corrupted saved shift leaves active work unchanged
PASS Profile markup stays inert
PASS Malformed conditions cannot reuse an old comparison
PASS Date edit invalidates mapped work cards and calendar exports
PASS Planner edit synchronously invalidates the unsaved shift
PASS New optimization cannot leave an old shift marked current
PASS Energy helper calculates job energy from rate and duration
PASS Job builder adds a validated job and enforces the four-job boundary
PASS Removing work is explicit and invalidates the old plan
PASS Duplicate job IDs are rejected without modifying the scenario
PASS Work cards and run controls fit a 390-pixel screen
PASS Reported-run comparison works after network disconnection
PASS No uncaught browser errors or runtime data uploads
