TAP version 13
# Subtest: 3(x+2)=18 -> 3x+6=18
ok 1 - 3(x+2)=18 -> 3x+6=18
  ---
  duration_ms: 2.25956
  type: 'test'
  ...
# Subtest: 3(x+2)=18 -> 3x+2=18
ok 2 - 3(x+2)=18 -> 3x+2=18
  ---
  duration_ms: 0.482904
  type: 'test'
  ...
# Subtest: x=4 -> 4=x
ok 3 - x=4 -> 4=x
  ---
  duration_ms: 0.201497
  type: 'test'
  ...
# Subtest: 2x+1=4 -> x=3/2
ok 4 - 2x+1=4 -> x=3/2
  ---
  duration_ms: 1.048774
  type: 'test'
  ...
# Subtest: 0.1x+0.2=0.5 -> x=3
ok 5 - 0.1x+0.2=0.5 -> x=3
  ---
  duration_ms: 0.174938
  type: 'test'
  ...
# Subtest: 0.1+0.2=0.3 -> x=x
ok 6 - 0.1+0.2=0.3 -> x=x
  ---
  duration_ms: 0.122219
  type: 'test'
  ...
# Subtest: x=x -> 2x=2x
ok 7 - x=x -> 2x=2x
  ---
  duration_ms: 0.192801
  type: 'test'
  ...
# Subtest: x=x -> x=1
ok 8 - x=x -> x=1
  ---
  duration_ms: 0.191588
  type: 'test'
  ...
# Subtest: x+1=x -> 0=1
ok 9 - x+1=x -> 0=1
  ---
  duration_ms: 0.374591
  type: 'test'
  ...
# Subtest: x=x -> 0=1
ok 10 - x=x -> 0=1
  ---
  duration_ms: 0.418874
  type: 'test'
  ...
# Subtest: x=1 -> 0=1
ok 11 - x=1 -> 0=1
  ---
  duration_ms: 0.233257
  type: 'test'
  ...
# Subtest: 0=1 -> x=2
ok 12 - 0=1 -> x=2
  ---
  duration_ms: 0.150943
  type: 'test'
  ...
# Subtest: 2(x-3)=8 -> x=7
ok 13 - 2(x-3)=8 -> x=7
  ---
  duration_ms: 0.096971
  type: 'test'
  ...
# Subtest: -(x+2)=7 -> -x-2=7
ok 14 - -(x+2)=7 -> -x-2=7
  ---
  duration_ms: 0.094727
  type: 'test'
  ...
# Subtest: -(x+2)=7 -> -x+2=7
ok 15 - -(x+2)=7 -> -x+2=7
  ---
  duration_ms: 0.141545
  type: 'test'
  ...
# Subtest: (x+1)/2=3 -> x=5
ok 16 - (x+1)/2=3 -> x=5
  ---
  duration_ms: 0.082946
  type: 'test'
  ...
# Subtest: 2(3)=6 -> 0=0
ok 17 - 2(3)=6 -> 0=0
  ---
  duration_ms: 0.076143
  type: 'test'
  ...
# Subtest: 2(3)=6 -> 0=1
ok 18 - 2(3)=6 -> 0=1
  ---
  duration_ms: 0.13373
  type: 'test'
  ...
# Subtest: (x+1)*2=6 -> x=2
ok 19 - (x+1)*2=6 -> x=2
  ---
  duration_ms: 0.126597
  type: 'test'
  ...
# Subtest: x-x=0 -> 3=3
ok 20 - x-x=0 -> 3=3
  ---
  duration_ms: 0.083176
  type: 'test'
  ...
# Subtest: -(-x)=4 -> x=4
ok 21 - -(-x)=4 -> x=4
  ---
  duration_ms: 0.08022
  type: 'test'
  ...
# Subtest: 3×(x−1)=9 -> x=4
ok 22 - 3×(x−1)=9 -> x=4
  ---
  duration_ms: 0.132047
  type: 'test'
  ...
# Subtest: x/2+1=4 -> x=6
ok 23 - x/2+1=4 -> x=6
  ---
  duration_ms: 0.086252
  type: 'test'
  ...
# Subtest: -x=-0.25 -> x=1/4
ok 24 - -x=-0.25 -> x=1/4
  ---
  duration_ms: 0.085029
  type: 'test'
  ...
# Subtest: reject x*x=4
ok 25 - reject x*x=4
  ---
  duration_ms: 0.238817
  type: 'test'
  ...
# Subtest: reject x/x=1
ok 26 - reject x/x=1
  ---
  duration_ms: 0.120225
  type: 'test'
  ...
# Subtest: reject 1/(x+1)=2
ok 27 - reject 1/(x+1)=2
  ---
  duration_ms: 1.085693
  type: 'test'
  ...
# Subtest: reject x^2=4
ok 28 - reject x^2=4
  ---
  duration_ms: 0.133219
  type: 'test'
  ...
# Subtest: reject x2=4
ok 29 - reject x2=4
  ---
  duration_ms: 0.127589
  type: 'test'
  ...
# Subtest: reject 2y=3
ok 30 - reject 2y=3
  ---
  duration_ms: 0.181019
  type: 'test'
  ...
# Subtest: reject x=
ok 31 - reject x=
  ---
  duration_ms: 0.141365
  type: 'test'
  ...
# Subtest: reject x==3
ok 32 - reject x==3
  ---
  duration_ms: 0.109655
  type: 'test'
  ...
# Subtest: reject x=1/0
ok 33 - reject x=1/0
  ---
  duration_ms: 0.095449
  type: 'test'
  ...
# Subtest: reject x=(1+2
ok 34 - reject x=(1+2
  ---
  duration_ms: 0.086763
  type: 'test'
  ...
# Subtest: reject x=0.1234567
ok 35 - reject x=0.1234567
  ---
  duration_ms: 0.084979
  type: 'test'
  ...
# Subtest: reject x=Infinity
ok 36 - reject x=Infinity
  ---
  duration_ms: 0.074559
  type: 'test'
  ...
# Subtest: reject x=NaN
ok 37 - reject x=NaN
  ---
  duration_ms: 0.066324
  type: 'test'
  ...
# Subtest: reject x=alert(1)
ok 38 - reject x=alert(1)
  ---
  duration_ms: 0.064601
  type: 'test'
  ...
# Subtest: reject x=<script>
ok 39 - reject x=<script>
  ---
  duration_ms: 0.062988
  type: 'test'
  ...
# Subtest: reject x=1;globalThis.pwned=true
ok 40 - reject x=1;globalThis.pwned=true
  ---
  duration_ms: 0.063509
  type: 'test'
  ...
# Subtest: reject x=2..2
ok 41 - reject x=2..2
  ---
  duration_ms: 0.06915
  type: 'test'
  ...
# Subtest: first wrong step survives a correct final answer
ok 42 - first wrong step survives a correct final answer
  ---
  duration_ms: 0.395641
  type: 'test'
  ...
# Subtest: unsupported line invalidates the chain, not a wrong-answer verdict
ok 43 - unsupported line invalidates the chain, not a wrong-answer verdict
  ---
  duration_ms: 0.145442
  type: 'test'
  ...
# Subtest: blank and enormous chains reject
ok 44 - blank and enormous chains reject
  ---
  duration_ms: 0.259255
  type: 'test'
  ...
# Subtest: practice generator exact spread
ok 45 - practice generator exact spread
  ---
  duration_ms: 13.806878
  type: 'test'
  ...
# Subtest: practice generator exact balance
ok 46 - practice generator exact balance
  ---
  duration_ms: 22.307462
  type: 'test'
  ...
# Subtest: practice generator exact divide
ok 47 - practice generator exact divide
  ---
  duration_ms: 13.706961
  type: 'test'
  ...
# Subtest: practice generator exact negative
ok 48 - practice generator exact negative
  ---
  duration_ms: 18.011862
  type: 'test'
  ...
# Subtest: practice generator exact arithmetic
ok 49 - practice generator exact arithmetic
  ---
  duration_ms: 8.586351
  type: 'test'
  ...
# Subtest: JS exported neural inference agrees with Python
ok 50 - JS exported neural inference agrees with Python
  ---
  duration_ms: 9.60928
  type: 'test'
  ...
# Subtest: model inference side-order invariance
ok 51 - model inference side-order invariance
  ---
  duration_ms: 16.585961
  type: 'test'
  ...
# Subtest: does not call two-variable-side or identity edits an in-scope diagnosis
ok 52 - does not call two-variable-side or identity edits an in-scope diagnosis
  ---
  duration_ms: 0.440585
  type: 'test'
  ...
# Subtest: model suggests distribution for the UI example
ok 53 - model suggests distribution for the UI example
  ---
  duration_ms: 0.27232
  type: 'test'
  ...
# Subtest: practice counts are bounded and validated
ok 54 - practice counts are bounded and validated
  ---
  duration_ms: 0.375623
  type: 'test'
  ...
# Subtest: portable SHA-256 matches native for ASCII, Unicode and long text
ok 55 - portable SHA-256 matches native for ASCII, Unicode and long text
  ---
  duration_ms: 30.712307
  type: 'test'
  ...
# Subtest: spread warmup: correct, reversed, wrong solution, copied and unrelated operations
ok 56 - spread warmup: correct, reversed, wrong solution, copied and unrelated operations
  ---
  duration_ms: 6.386757
  type: 'test'
  ...
# Subtest: spread transfer: correct, reversed, wrong solution, copied and unrelated operations
ok 57 - spread transfer: correct, reversed, wrong solution, copied and unrelated operations
  ---
  duration_ms: 5.199604
  type: 'test'
  ...
# Subtest: balance warmup: correct, reversed, wrong solution, copied and unrelated operations
ok 58 - balance warmup: correct, reversed, wrong solution, copied and unrelated operations
  ---
  duration_ms: 2.491014
  type: 'test'
  ...
# Subtest: balance transfer: correct, reversed, wrong solution, copied and unrelated operations
ok 59 - balance transfer: correct, reversed, wrong solution, copied and unrelated operations
  ---
  duration_ms: 2.638019
  type: 'test'
  ...
# Subtest: divide warmup: correct, reversed, wrong solution, copied and unrelated operations
ok 60 - divide warmup: correct, reversed, wrong solution, copied and unrelated operations
  ---
  duration_ms: 4.622243
  type: 'test'
  ...
# Subtest: divide transfer: correct, reversed, wrong solution, copied and unrelated operations
ok 61 - divide transfer: correct, reversed, wrong solution, copied and unrelated operations
  ---
  duration_ms: 4.945358
  type: 'test'
  ...
# Subtest: negative warmup: correct, reversed, wrong solution, copied and unrelated operations
ok 62 - negative warmup: correct, reversed, wrong solution, copied and unrelated operations
  ---
  duration_ms: 3.040121
  type: 'test'
  ...
# Subtest: negative transfer: correct, reversed, wrong solution, copied and unrelated operations
ok 63 - negative transfer: correct, reversed, wrong solution, copied and unrelated operations
  ---
  duration_ms: 6.113365
  type: 'test'
  ...
# Subtest: arithmetic warmup: correct, reversed, wrong solution, copied and unrelated operations
ok 64 - arithmetic warmup: correct, reversed, wrong solution, copied and unrelated operations
  ---
  duration_ms: 4.690521
  type: 'test'
  ...
# Subtest: arithmetic transfer: correct, reversed, wrong solution, copied and unrelated operations
ok 65 - arithmetic transfer: correct, reversed, wrong solution, copied and unrelated operations
  ---
  duration_ms: 8.286914
  type: 'test'
  ...
# Subtest: Model suggestions execute real frozen inference and manual override is retained
ok 66 - Model suggestions execute real frozen inference and manual override is retained
  ---
  duration_ms: 19.072035
  type: 'test'
  ...
# Subtest: No confident prediction means explicit choice, not top-label fallback
ok 67 - No confident prediction means explicit choice, not top-label fallback
  ---
  duration_ms: 0.840473
  type: 'test'
  ...
# Subtest: Reject unsupported, nonunique and oversized initial inputs
ok 68 - Reject unsupported, nonunique and oversized initial inputs
  ---
  duration_ms: 0.730728
  type: 'test'
  ...
# Subtest: Right final answer does not repair an invalid intermediate equation
ok 69 - Right final answer does not repair an invalid intermediate equation
  ---
  duration_ms: 6.98701
  type: 'test'
  ...
# Subtest: Original problem stays fixed including a solution-equivalent replacement
ok 70 - Original problem stays fixed including a solution-equivalent replacement
  ---
  duration_ms: 0.864007
  type: 'test'
  ...
# Subtest: Equivalent but unfinished work stays at repair
ok 71 - Equivalent but unfinished work stays at repair
  ---
  duration_ms: 0.842227
  type: 'test'
  ...
# Subtest: Unsupported response does not advance or expose an answer
ok 72 - Unsupported response does not advance or expose an answer
  ---
  duration_ms: 9.71189
  type: 'test'
  ...
# Subtest: Each response belongs to current stage and correctness cannot be imported
ok 73 - Each response belongs to current stage and correctness cannot be imported
  ---
  duration_ms: 1.138621
  type: 'test'
  ...
# Subtest: Repair, warmup and changed structure complete in order without mutating prior state
ok 74 - Repair, warmup and changed structure complete in order without mutating prior state
  ---
  duration_ms: 3.205361
  type: 'test'
  ...
# Subtest: A right final answer is not the requested expansion
ok 75 - A right final answer is not the requested expansion
  ---
  duration_ms: 0.327904
  type: 'test'
  ...
# Subtest: Later revisions stay after-feedback rather than first response
ok 76 - Later revisions stay after-feedback rather than first response
  ---
  duration_ms: 2.548381
  type: 'test'
  ...
# Subtest: Hint and reveal are stage-specific and survive correct answers
ok 77 - Hint and reveal are stage-specific and survive correct answers
  ---
  duration_ms: 3.089954
  type: 'test'
  ...
# Subtest: Duplicate help is rejected and exact witness requires request
ok 78 - Duplicate help is rejected and exact witness requires request
  ---
  duration_ms: 1.161986
  type: 'test'
  ...
# Subtest: Replay restores questions and help but discards forged report fields
ok 79 - Replay restores questions and help but discards forged report fields
  ---
  duration_ms: 3.408752
  type: 'test'
  ...
# Subtest: Invalid ordering, versions, draft phases and oversized history reject
ok 80 - Invalid ordering, versions, draft phases and oversized history reject
  ---
  duration_ms: 1.486353
  type: 'test'
  ...
# Subtest: Bounded history rejects more work without mutating prior state
ok 81 - Bounded history rejects more work without mutating prior state
  ---
  duration_ms: 106.911171
  type: 'test'
  ...
# Subtest: Untrusted equation text is unsupported, not executed
ok 82 - Untrusted equation text is unsupported, not executed
  ---
  duration_ms: 0.209763
  type: 'test'
  ...
# Subtest: Readable notes keep each question, answer and support without claiming a grade
ok 83 - Readable notes keep each question, answer and support without claiming a grade
  ---
  duration_ms: 0.895727
  type: 'test'
  ...
# Subtest: Serialized payload has no reference answers, prediction or saved results
ok 84 - Serialized payload has no reference answers, prediction or saved results
  ---
  duration_ms: 0.256169
  type: 'test'
  ...
# Subtest: Tutor note fences an unsupported HTML response and cannot close its own fence
ok 85 - Tutor note fences an unsupported HTML response and cannot close its own fence
  ---
  duration_ms: 0.522659
  type: 'test'
  ...
1..85
# tests 85
# suites 0
# pass 85
# fail 0
# cancelled 0
# skipped 0
# todo 0
# duration_ms 289.406093
