Traceback (most recent call last):
  File "/home/runner/work/Joseph-Portfolio/Joseph-Portfolio/public/counterstep/v11/tests/browser.py", line 14, in <module>
    assert page.locator('#export').is_disabled();ok('No session export before a current audit')
           ^^^^^^^^^^^^^^^^^^^^^^^^^^^^^^^^^^^^^
  File "/tmp/counterstep-public/lib/python3.12/site-packages/playwright/sync_api/_generated.py", line 17082, in is_disabled
    self._sync(self._impl_obj.is_disabled(timeout=timeout))
  File "/tmp/counterstep-public/lib/python3.12/site-packages/playwright/_impl/_sync_base.py", line 115, in _sync
    return task.result()
           ^^^^^^^^^^^^^
  File "/tmp/counterstep-public/lib/python3.12/site-packages/playwright/_impl/_locator.py", line 482, in is_disabled
    return await self._frame.is_disabled(
           ^^^^^^^^^^^^^^^^^^^^^^^^^^^^^^
  File "/tmp/counterstep-public/lib/python3.12/site-packages/playwright/_impl/_frame.py", line 384, in is_disabled
    return await self._channel.send(
           ^^^^^^^^^^^^^^^^^^^^^^^^^
  File "/tmp/counterstep-public/lib/python3.12/site-packages/playwright/_impl/_connection.py", line 69, in send
    return await self._connection.wrap_api_call(
           ^^^^^^^^^^^^^^^^^^^^^^^^^^^^^^^^^^^^^
  File "/tmp/counterstep-public/lib/python3.12/site-packages/playwright/_impl/_connection.py", line 558, in wrap_api_call
    raise rewrite_error(error, f"{parsed_st['apiName']}: {error}") from None
playwright._impl._errors.TimeoutError: Locator.is_disabled: Timeout 30000ms exceeded.
Call log:
  - waiting for locator("#export")

