Traceback (most recent call last):
  File "/home/runner/work/Joseph-Portfolio/Joseph-Portfolio/upgrade15/browser.py", line 23, in <module>
    load();ok('Fixture loaded through real transcript/video inputs and source-boundary controls')
    ^^^^^^
  File "/home/runner/work/Joseph-Portfolio/Joseph-Portfolio/upgrade15/browser.py", line 22, in load
    page.goto(base+'index.html',wait_until='load');page.set_input_files('#transcriptFile',str(F/'source.cues.json'));page.set_input_files('#mediaFile',str(F/'source.mp4'));page.wait_for_function('document.getElementById("sourceVideo").readyState>=2');page.fill('#minDuration','4');page.fill('#maxDuration','40');page.select_option('#clipCount','1');page.click('#analyzeBtn');page.get_by_text('Adjust source boundaries',exact=True).click();page.select_option('#firstCue','0');page.select_option('#lastCue','0');page.click('#applyBounds');assert page.evaluate('CutProofStudio.snapshot().result.clips[0].last')==0
                                                                                                                                                                            ^^^^^^^^^^^^^^^^^^^^^^^^^^^^^^^^^^^^^^^^^^^^^^^^^^^^^^^^^^^^^^^^^^^^^^^^^^^^^^
  File "/tmp/cutproof-passage/lib/python3.12/site-packages/playwright/sync_api/_generated.py", line 11559, in wait_for_function
    self._sync(
  File "/tmp/cutproof-passage/lib/python3.12/site-packages/playwright/_impl/_sync_base.py", line 115, in _sync
    return task.result()
           ^^^^^^^^^^^^^
  File "/tmp/cutproof-passage/lib/python3.12/site-packages/playwright/_impl/_page.py", line 1113, in wait_for_function
    return await self._main_frame.wait_for_function(**locals_to_params(locals()))
           ^^^^^^^^^^^^^^^^^^^^^^^^^^^^^^^^^^^^^^^^^^^^^^^^^^^^^^^^^^^^^^^^^^^^^^
  File "/tmp/cutproof-passage/lib/python3.12/site-packages/playwright/_impl/_frame.py", line 860, in wait_for_function
    await self._channel.send("waitForFunction", self._timeout, params)
  File "/tmp/cutproof-passage/lib/python3.12/site-packages/playwright/_impl/_connection.py", line 69, in send
    return await self._connection.wrap_api_call(
           ^^^^^^^^^^^^^^^^^^^^^^^^^^^^^^^^^^^^^
  File "/tmp/cutproof-passage/lib/python3.12/site-packages/playwright/_impl/_connection.py", line 558, in wrap_api_call
    raise rewrite_error(error, f"{parsed_st['apiName']}: {error}") from None
playwright._impl._errors.Error: Page.wait_for_function: EvalError: Evaluating a string as JavaScript violates the following Content Security Policy directive because 'unsafe-eval' is not an allowed source of script: script-src 'self' 'unsafe-inline' 'wasm-unsafe-eval'".

    at eval (<anonymous>)
    at predicate (eval at evaluate (:291:30), <anonymous>:4:56)
    at next (eval at evaluate (:291:30), <anonymous>:29:29)
