TAP version 13
# Subtest: SRT preserves exact millisecond timing
ok 1 - SRT preserves exact millisecond timing
  ---
  duration_ms: 3.248896
  type: 'test'
  ...
# Subtest: Windows newlines and BOM are accepted
ok 2 - Windows newlines and BOM are accepted
  ---
  duration_ms: 0.629429
  type: 'test'
  ...
# Subtest: VTT header metadata, settings, identifiers and notes are accepted
ok 3 - VTT header metadata, settings, identifiers and notes are accepted
  ---
  duration_ms: 0.341044
  type: 'test'
  ...
# Subtest: JSON segments use seconds, not milliseconds
ok 4 - JSON segments use seconds, not milliseconds
  ---
  duration_ms: 0.396037
  type: 'test'
  ...
# Subtest: Whisper-style extra fields do not affect source text
ok 5 - Whisper-style extra fields do not affect source text
  ---
  duration_ms: 0.252511
  type: 'test'
  ...
# Subtest: Native cue JSON round-trips
ok 6 - Native cue JSON round-trips
  ---
  duration_ms: 1.264125
  type: 'test'
  ...
# Subtest: Caption markup is normalized but entity text is never executed
ok 7 - Caption markup is normalized but entity text is never executed
  ---
  duration_ms: 0.203687
  type: 'test'
  ...
# Subtest: Subtitle positioning commands are not treated as narration
ok 8 - Subtitle positioning commands are not treated as narration
  ---
  duration_ms: 0.160602
  type: 'test'
  ...
# Subtest: Duplicate source text is preserved
ok 9 - Duplicate source text is preserved
  ---
  duration_ms: 0.539724
  type: 'test'
  ...
# Subtest: Rejects empty
ok 10 - Rejects empty
  ---
  duration_ms: 0.678502
  type: 'test'
  ...
# Subtest: Rejects plain untimed text
ok 11 - Rejects plain untimed text
  ---
  duration_ms: 0.253212
  type: 'test'
  ...
# Subtest: Rejects bad JSON
ok 12 - Rejects bad JSON
  ---
  duration_ms: 0.187372
  type: 'test'
  ...
# Subtest: Rejects missing segments
ok 13 - Rejects missing segments
  ---
  duration_ms: 0.114362
  type: 'test'
  ...
# Subtest: Rejects zero-duration
ok 14 - Rejects zero-duration
  ---
  duration_ms: 0.133771
  type: 'test'
  ...
# Subtest: Rejects negative start
ok 15 - Rejects negative start
  ---
  duration_ms: 0.131809
  type: 'test'
  ...
# Subtest: Rejects overlap
ok 16 - Rejects overlap
  ---
  duration_ms: 0.133321
  type: 'test'
  ...
# Subtest: Rejects reverse order
ok 17 - Rejects reverse order
  ---
  duration_ms: 0.133641
  type: 'test'
  ...
# Subtest: Rejects missing text
ok 18 - Rejects missing text
  ---
  duration_ms: 0.247543
  type: 'test'
  ...
# Subtest: Rejects nonnumeric time
ok 19 - Rejects nonnumeric time
  ---
  duration_ms: 0.135485
  type: 'test'
  ...
# Subtest: Rejects boolean time
ok 20 - Rejects boolean time
  ---
  duration_ms: 0.108623
  type: 'test'
  ...
# Subtest: Rejects fractional milliseconds
ok 21 - Rejects fractional milliseconds
  ---
  duration_ms: 0.124989
  type: 'test'
  ...
# Subtest: Rejects blank caption
ok 22 - Rejects blank caption
  ---
  duration_ms: 0.133832
  type: 'test'
  ...
# Subtest: Rejects too long cue
ok 23 - Rejects too long cue
  ---
  duration_ms: 0.844903
  type: 'test'
  ...
# Subtest: Rejects too many cues
ok 24 - Rejects too many cues
  ---
  duration_ms: 7.517208
  type: 'test'
  ...
# Subtest: Rejects lone surrogate
ok 25 - Rejects lone surrogate
  ---
  duration_ms: 0.189435
  type: 'test'
  ...
# Subtest: Rejects timestamp minute overflow
ok 26 - Rejects timestamp minute overflow
  ---
  duration_ms: 0.1394
  type: 'test'
  ...
# Subtest: Rejects timestamp second overflow
ok 27 - Rejects timestamp second overflow
  ---
  duration_ms: 0.119811
  type: 'test'
  ...
# Subtest: Rejects missing milliseconds
ok 28 - Rejects missing milliseconds
  ---
  duration_ms: 0.122875
  type: 'test'
  ...
# Subtest: Rejects over-limit input text
ok 29 - Rejects over-limit input text
  ---
  duration_ms: 1.922427
  type: 'test'
  ...
# Subtest: Formatting is millisecond-exact over hour boundaries
ok 30 - Formatting is millisecond-exact over hour boundaries
  ---
  duration_ms: 0.255124
  type: 'test'
  ...
# Subtest: VTT formatting uses decimal points
ok 31 - VTT formatting uses decimal points
  ---
  duration_ms: 0.157898
  type: 'test'
  ...
# Subtest: Automatic suggestions do not overlap
ok 32 - Automatic suggestions do not overlap
  ---
  duration_ms: 7.787304
  type: 'test'
  ...
# Subtest: Automatic cuts respect requested duration
ok 33 - Automatic cuts respect requested duration
  ---
  duration_ms: 1.065917
  type: 'test'
  ...
# Subtest: All selected text and IDs equal whole consecutive source cues
ok 34 - All selected text and IDs equal whole consecutive source cues
  ---
  duration_ms: 1.498999
  type: 'test'
  ...
# Subtest: Titles preserve complete source sentences and negation
ok 35 - Titles preserve complete source sentences and negation
  ---
  duration_ms: 0.160172
  type: 'test'
  ...
# Subtest: Relative captions start at the first source cue
ok 36 - Relative captions start at the first source cue
  ---
  duration_ms: 0.186341
  type: 'test'
  ...
# Subtest: Subtitles round-trip back to the selected words
ok 37 - Subtitles round-trip back to the selected words
  ---
  duration_ms: 0.686554
  type: 'test'
  ...
# Subtest: An omitted but-qualification is flagged
ok 38 - An omitted but-qualification is flagged
  ---
  duration_ms: 0.215505
  type: 'test'
  ...
# Subtest: Omitted hypothetical framing is flagged
ok 39 - Omitted hypothetical framing is flagged
  ---
  duration_ms: 0.160211
  type: 'test'
  ...
# Subtest: Included qualification triggers a headline context reminder
ok 40 - Included qualification triggers a headline context reminder
  ---
  duration_ms: 0.135664
  type: 'test'
  ...
# Subtest: Numbers written as words are flagged
ok 41 - Numbers written as words are flagged
  ---
  duration_ms: 0.170857
  type: 'test'
  ...
# Subtest: Dependent openings and incomplete endings are flagged
ok 42 - Dependent openings and incomplete endings are flagged
  ---
  duration_ms: 0.208965
  type: 'test'
  ...
# Subtest: Long uncaptained gaps are flagged, not silently deleted
ok 43 - Long uncaptained gaps are flagged, not silently deleted
  ---
  duration_ms: 0.25891
  type: 'test'
  ...
# Subtest: New cuts and manual revisions always start pending
ok 44 - New cuts and manual revisions always start pending
  ---
  duration_ms: 0.177277
  type: 'test'
  ...
# Subtest: Rejects options: minimum below four
ok 45 - Rejects options: minimum below four
  ---
  duration_ms: 0.226281
  type: 'test'
  ...
# Subtest: Rejects options: maximum above 120
ok 46 - Rejects options: maximum above 120
  ---
  duration_ms: 0.173131
  type: 'test'
  ...
# Subtest: Rejects options: inverted bounds
ok 47 - Rejects options: inverted bounds
  ---
  duration_ms: 0.186111
  type: 'test'
  ...
# Subtest: Rejects options: NaN duration
ok 48 - Rejects options: NaN duration
  ---
  duration_ms: 0.351039
  type: 'test'
  ...
# Subtest: Rejects options: fractional count
ok 49 - Rejects options: fractional count
  ---
  duration_ms: 0.173542
  type: 'test'
  ...
# Subtest: Rejects options: zero count
ok 50 - Rejects options: zero count
  ---
  duration_ms: 0.151087
  type: 'test'
  ...
# Subtest: Rejects options: more than eight
ok 51 - Rejects options: more than eight
  ---
  duration_ms: 0.201383
  type: 'test'
  ...
# Subtest: Rejects options: oversized focus
ok 52 - Rejects options: oversized focus
  ---
  duration_ms: 0.160422
  type: 'test'
  ...
# Subtest: Impossible duration ranges fail explicitly
ok 53 - Impossible duration ranges fail explicitly
  ---
  duration_ms: 0.465982
  type: 'test'
  ...
# Subtest: Dictionary prototype words cannot corrupt scores
ok 54 - Dictionary prototype words cannot corrupt scores
  ---
  duration_ms: 1.674843
  type: 'test'
  ...
# Subtest: Focus input is data, not code
ok 55 - Focus input is data, not code
  ---
  duration_ms: 0.844352
  type: 'test'
  ...
# Subtest: Seeded 120-source invariant sweep
ok 56 - Seeded 120-source invariant sweep
  ---
  duration_ms: 131.390145
  type: 'test'
  ...
# Subtest: Portable SHA-256 matches standard known vectors and Node for UTF-8
ok 57 - Portable SHA-256 matches standard known vectors and Node for UTF-8
  ---
  duration_ms: 8.610395
  type: 'test'
  ...
# Subtest: SHA-256 matches Node for 100 reproducible varying-length inputs
ok 58 - SHA-256 matches Node for 100 reproducible varying-length inputs
  ---
  duration_ms: 35.473683
  type: 'test'
  ...
# Subtest: Canonical transcript fingerprint changes with text or timing
ok 59 - Canonical transcript fingerprint changes with text or timing
  ---
  duration_ms: 0.549829
  type: 'test'
  ...
# Subtest: Manifest retains pending review state and explicit limitations
ok 60 - Manifest retains pending review state and explicit limitations
  ---
  duration_ms: 0.959806
  type: 'test'
  ...
# Subtest: Manifest rejects invented text, altered captions, altered IDs, titles and cut times
ok 61 - Manifest rejects invented text, altered captions, altered IDs, titles and cut times
  ---
  duration_ms: 1.835706
  type: 'test'
  ...
# Subtest: Export includes real captions, complete source cues and renderer
ok 62 - Export includes real captions, complete source cues and renderer
  ---
  duration_ms: 0.859184
  type: 'test'
  ...
# Subtest: ZIP uses the standard signature and CRC-32 vector
ok 63 - ZIP uses the standard signature and CRC-32 vector
  ---
  duration_ms: 0.469708
  type: 'test'
  ...
# Subtest: ZIP rejects path traversal
ok 64 - ZIP rejects path traversal
  ---
  duration_ms: 0.181434
  type: 'test'
  ...
# Subtest: Original demo generates three source-grounded suggestions
ok 65 - Original demo generates three source-grounded suggestions
  ---
  duration_ms: 2.636694
  type: 'test'
  ...
# Subtest: Boundary proposal adds omitted setup and qualification verbatim
ok 66 - Boundary proposal adds omitted setup and qualification verbatim
  ---
  duration_ms: 3.93527
  type: 'test'
  ...
# Subtest: Boundary expansion cannot silently exceed the requested cap
ok 67 - Boundary expansion cannot silently exceed the requested cap
  ---
  duration_ms: 0.311779
  type: 'test'
  ...
# Subtest: A complete neutral cut is not changed
ok 68 - A complete neutral cut is not changed
  ---
  duration_ms: 0.307424
  type: 'test'
  ...
# Subtest: Proposal does not mutate existing approvals
ok 69 - Proposal does not mutate existing approvals
  ---
  duration_ms: 0.284348
  type: 'test'
  ...
# Subtest: Answer without its question is flagged and expansion retains the question
ok 70 - Answer without its question is flagged and expansion retains the question
  ---
  duration_ms: 1.700493
  type: 'test'
  ...
# Subtest: A quotation retains an adjacent attribution
ok 71 - A quotation retains an adjacent attribution
  ---
  duration_ms: 0.396808
  type: 'test'
  ...
# Subtest: Two-cue lookahead detects a delayed qualification
ok 72 - Two-cue lookahead detects a delayed qualification
  ---
  duration_ms: 0.256427
  type: 'test'
  ...
# Subtest: Lookahead does not bridge a large time gap
ok 73 - Lookahead does not bridge a large time gap
  ---
  duration_ms: 0.150567
  type: 'test'
  ...
# Subtest: Saved project retains source and exact boundaries
ok 74 - Saved project retains source and exact boundaries
  ---
  duration_ms: 4.561063
  type: 'test'
  ...
# Subtest: Approvals never survive a restored project
ok 75 - Approvals never survive a restored project
  ---
  duration_ms: 1.112777
  type: 'test'
  ...
# Subtest: Forged restored quotes and flags are discarded
ok 76 - Forged restored quotes and flags are discarded
  ---
  duration_ms: 0.760076
  type: 'test'
  ...
# Subtest: Transcript tampering is rejected on restore
ok 77 - Transcript tampering is rejected on restore
  ---
  duration_ms: 0.715418
  type: 'test'
  ...
# Subtest: Invalid project JSON rejected
ok 78 - Invalid project JSON rejected
  ---
  duration_ms: 0.19861
  type: 'test'
  ...
# Subtest: Unsupported project version rejected
ok 79 - Unsupported project version rejected
  ---
  duration_ms: 0.383098
  type: 'test'
  ...
# Subtest: Empty project clip list rejected
ok 80 - Empty project clip list rejected
  ---
  duration_ms: 0.539524
  type: 'test'
  ...
# Subtest: Ninth project clip rejected
ok 81 - Ninth project clip rejected
  ---
  duration_ms: 0.433663
  type: 'test'
  ...
# Subtest: Fractional and out-of-bounds restored indices rejected
ok 82 - Fractional and out-of-bounds restored indices rejected
  ---
  duration_ms: 0.921699
  type: 'test'
  ...
# Subtest: Invalid restored options rejected
ok 83 - Invalid restored options rejected
  ---
  duration_ms: 1.034679
  type: 'test'
  ...
# Subtest: Oversized project rejected before parse
ok 84 - Oversized project rejected before parse
  ---
  duration_ms: 0.206892
  type: 'test'
  ...
# Subtest: Aggregate programmatic transcript limit enforced
ok 85 - Aggregate programmatic transcript limit enforced
  ---
  duration_ms: 0.775408
  type: 'test'
  ...
# Subtest: Review report escapes every untrusted content field
ok 86 - Review report escapes every untrusted content field
  ---
  duration_ms: 0.574175
  type: 'test'
  ...
# Subtest: Review report includes outside cues without marking them as selected
ok 87 - Review report includes outside cues without marking them as selected
  ---
  duration_ms: 0.354003
  type: 'test'
  ...
# Subtest: LosslessCut export preserves millisecond source times
ok 88 - LosslessCut export preserves millisecond source times
  ---
  duration_ms: 0.35194
  type: 'test'
  ...
# Subtest: Readiness never converts flagged cuts into approvals
ok 89 - Readiness never converts flagged cuts into approvals
  ---
  duration_ms: 0.376998
  type: 'test'
  ...
# Subtest: Unicode save/restore keeps the normalized source exactly
ok 90 - Unicode save/restore keeps the normalized source exactly
  ---
  duration_ms: 0.608768
  type: 'test'
  ...
# Subtest: Boundary work is bounded for an all-dependent long source
ok 91 - Boundary work is bounded for an all-dependent long source
  ---
  duration_ms: 1.65947
  type: 'test'
  ...
# Subtest: Missing settings and invalid boolean settings are rejected
ok 92 - Missing settings and invalid boolean settings are rejected
  ---
  duration_ms: 1.954585
  type: 'test'
  ...
# Subtest: case and punctuation
ok 93 - case and punctuation
  ---
  duration_ms: 3.199311
  type: 'test'
  ...
# Subtest: digit normalization
ok 94 - digit normalization
  ---
  duration_ms: 0.320252
  type: 'test'
  ...
# Subtest: two-digit number
ok 95 - two-digit number
  ---
  duration_ms: 0.413653
  type: 'test'
  ...
# Subtest: contractions
ok 96 - contractions
  ---
  duration_ms: 0.53086
  type: 'test'
  ...
# Subtest: missing not
ok 97 - missing not
  ---
  duration_ms: 0.458461
  type: 'test'
  ...
# Subtest: changed number
ok 98 - changed number
  ---
  duration_ms: 0.235205
  type: 'test'
  ...
# Subtest: changed permission
ok 99 - changed permission
  ---
  duration_ms: 0.195515
  type: 'test'
  ...
# Subtest: normal word
ok 100 - normal word
  ---
  duration_ms: 0.212961
  type: 'test'
  ...
# Subtest: removed exception
ok 101 - removed exception
  ---
  duration_ms: 0.505922
  type: 'test'
  ...
# Subtest: never removed
ok 102 - never removed
  ---
  duration_ms: 0.57114
  type: 'test'
  ...
# Subtest: only removed
ok 103 - only removed
  ---
  duration_ms: 0.278359
  type: 'test'
  ...
# Subtest: percentage format
ok 104 - percentage format
  ---
  duration_ms: 0.167252
  type: 'test'
  ...
# Subtest: spelled seven
ok 105 - spelled seven
  ---
  duration_ms: 0.154754
  type: 'test'
  ...
# Subtest: thousands separator
ok 106 - thousands separator
  ---
  duration_ms: 0.141173
  type: 'test'
  ...
# Subtest: decimal changed
ok 107 - decimal changed
  ---
  duration_ms: 0.148985
  type: 'test'
  ...
# Subtest: unicode normal form
ok 108 - unicode normal form
  ---
  duration_ms: 0.156736
  type: 'test'
  ...
# Subtest: never claims correctness
ok 109 - never claims correctness
  ---
  duration_ms: 0.248154
  type: 'test'
  ...
# Subtest: comparison bounded
ok 110 - comparison bounded
  ---
  duration_ms: 0.982872
  type: 'test'
  ...
# Subtest: empty text rejected
ok 111 - empty text rejected
  ---
  duration_ms: 0.19962
  type: 'test'
  ...
# Subtest: difference reconstructs each normalized side
ok 112 - difference reconstructs each normalized side
  ---
  duration_ms: 1.060458
  type: 'test'
  ...
# Subtest: finds correction 180 seconds away
ok 113 - finds correction 180 seconds away
  ---
  duration_ms: 1.252547
  type: 'test'
  ...
# Subtest: never includes selected cues
ok 114 - never includes selected cues
  ---
  duration_ms: 0.761738
  type: 'test'
  ...
# Subtest: unrelated query returns empty
ok 115 - unrelated query returns empty
  ---
  duration_ms: 0.296337
  type: 'test'
  ...
# Subtest: source has no distant context to retrieve
ok 116 - source has no distant context to retrieve
  ---
  duration_ms: 0.280262
  type: 'test'
  ...
# Subtest: invalid range rejected
ok 117 - invalid range rejected
  ---
  duration_ms: 0.158148
  type: 'test'
  ...
# Subtest: retrieval result limit bounded
ok 118 - retrieval result limit bounded
  ---
  duration_ms: 0.136736
  type: 'test'
  ...
# Subtest: converts estimated ASR ranges
ok 119 - converts estimated ASR ranges
  ---
  duration_ms: 0.546213
  type: 'test'
  ...
# Subtest: tiny rounding overlap is normalized
ok 120 - tiny rounding overlap is normalized
  ---
  duration_ms: 0.201754
  type: 'test'
  ...
# Subtest: fully overlapping ASR range rejected
ok 121 - fully overlapping ASR range rejected
  ---
  duration_ms: 0.189906
  type: 'test'
  ...
# Subtest: nonfinite ASR start rejected
ok 122 - nonfinite ASR start rejected
  ---
  duration_ms: 0.149906
  type: 'test'
  ...
# Subtest: oversized speech rejected
ok 123 - oversized speech rejected
  ---
  duration_ms: 0.161854
  type: 'test'
  ...
# Subtest: missing timestamp chunks rejected
ok 124 - missing timestamp chunks rejected
  ---
  duration_ms: 0.130406
  type: 'test'
  ...
# Subtest: silence marker is not a caption
ok 125 - silence marker is not a caption
  ---
  duration_ms: 0.242836
  type: 'test'
  ...
# Subtest: bind without mutating original
ok 126 - bind without mutating original
  ---
  duration_ms: 1.285437
  type: 'test'
  ...
# Subtest: match compares bytes and size; never editorial approval
ok 127 - match compares bytes and size; never editorial approval
  ---
  duration_ms: 0.380904
  type: 'test'
  ...
# Subtest: same size, different bytes fails
ok 128 - same size, different bytes fails
  ---
  duration_ms: 0.176455
  type: 'test'
  ...
# Subtest: same digest, wrong size fails
ok 129 - same digest, wrong size fails
  ---
  duration_ms: 0.210747
  type: 'test'
  ...
# Subtest: filename does not confer identity
ok 130 - filename does not confer identity
  ---
  duration_ms: 0.164598
  type: 'test'
  ...
# Subtest: rename preserves byte comparison
ok 131 - rename preserves byte comparison
  ---
  duration_ms: 0.140141
  type: 'test'
  ...
# Subtest: corrected limitations preserve review warning
ok 132 - corrected limitations preserve review warning
  ---
  duration_ms: 0.221554
  type: 'test'
  ...
# Subtest: reject invalid binding null
ok 133 - reject invalid binding null
  ---
  duration_ms: 0.229687
  type: 'test'
  ...
# Subtest: reject invalid binding array
ok 134 - reject invalid binding array
  ---
  duration_ms: 0.268705
  type: 'test'
  ...
# Subtest: reject invalid binding algorithm
ok 135 - reject invalid binding algorithm
  ---
  duration_ms: 0.433092
  type: 'test'
  ...
# Subtest: reject invalid binding version
ok 136 - reject invalid binding version
  ---
  duration_ms: 0.160872
  type: 'test'
  ...
# Subtest: reject invalid binding boolversion
ok 137 - reject invalid binding boolversion
  ---
  duration_ms: 0.083817
  type: 'test'
  ...
# Subtest: reject invalid binding emptyhash
ok 138 - reject invalid binding emptyhash
  ---
  duration_ms: 0.997533
  type: 'test'
  ...
# Subtest: reject invalid binding badhash
ok 139 - reject invalid binding badhash
  ---
  duration_ms: 0.080081
  type: 'test'
  ...
# Subtest: reject invalid binding shorthash
ok 140 - reject invalid binding shorthash
  ---
  duration_ms: 0.067151
  type: 'test'
  ...
# Subtest: reject invalid binding upperhash
ok 141 - reject invalid binding upperhash
  ---
  duration_ms: 0.052419
  type: 'test'
  ...
# Subtest: reject invalid binding zerobytes
ok 142 - reject invalid binding zerobytes
  ---
  duration_ms: 0.052208
  type: 'test'
  ...
# Subtest: reject invalid binding floatbytes
ok 143 - reject invalid binding floatbytes
  ---
  duration_ms: 0.075173
  type: 'test'
  ...
# Subtest: reject invalid binding boolbytes
ok 144 - reject invalid binding boolbytes
  ---
  duration_ms: 0.052579
  type: 'test'
  ...
# Subtest: reject invalid binding huge
ok 145 - reject invalid binding huge
  ---
  duration_ms: 0.043365
  type: 'test'
  ...
# Subtest: reject invalid binding stringbytes
ok 146 - reject invalid binding stringbytes
  ---
  duration_ms: 0.041031
  type: 'test'
  ...
# Subtest: size cap is inclusive
ok 147 - size cap is inclusive
  ---
  duration_ms: 0.082634
  type: 'test'
  ...
# Subtest: unbound legacy manifest gets no match verdict
ok 148 - unbound legacy manifest gets no match verdict
  ---
  duration_ms: 0.251789
  type: 'test'
  ...
# Subtest: truncated JSON rejected
ok 149 - truncated JSON rejected
  ---
  duration_ms: 0.14585
  type: 'test'
  ...
# Subtest: oversized JSON rejected
ok 150 - oversized JSON rejected
  ---
  duration_ms: 0.090436
  type: 'test'
  ...
# Subtest: round-trip preserves binding
ok 151 - round-trip preserves binding
  ---
  duration_ms: 0.648557
  type: 'test'
  ...
# Subtest: null digest in locked manifest rejected
ok 152 - null digest in locked manifest rejected
  ---
  duration_ms: 0.202365
  type: 'test'
  ...
# Subtest: malformed transcript fingerprint rejected
ok 153 - malformed transcript fingerprint rejected
  ---
  duration_ms: 0.135003
  type: 'test'
  ...
# Subtest: ASCII sign
ok 154 - ASCII sign
  ---
  duration_ms: 3.812124
  type: 'test'
  ...
# Subtest: Unicode sign
ok 155 - Unicode sign
  ---
  duration_ms: 1.226418
  type: 'test'
  ...
# Subtest: Decimal
ok 156 - Decimal
  ---
  duration_ms: 0.326602
  type: 'test'
  ...
# Subtest: Opposite signs
ok 157 - Opposite signs
  ---
  duration_ms: 0.197467
  type: 'test'
  ...
# Subtest: Currency prefix
ok 158 - Currency prefix
  ---
  duration_ms: 0.296818
  type: 'test'
  ...
# Subtest: Parentheses
ok 159 - Parentheses
  ---
  duration_ms: 0.173281
  type: 'test'
  ...
# Subtest: Spoken negative
ok 160 - Spoken negative
  ---
  duration_ms: 0.252901
  type: 'test'
  ...
# Subtest: Spoken minus
ok 161 - Spoken minus
  ---
  duration_ms: 0.194523
  type: 'test'
  ...
# Subtest: Positive sign
ok 162 - Positive sign
  ---
  duration_ms: 0.517489
  type: 'test'
  ...
# Subtest: Spaced Unicode
ok 163 - Spaced Unicode
  ---
  duration_ms: 0.557681
  type: 'test'
  ...
# Subtest: Fullwidth
ok 164 - Fullwidth
  ---
  duration_ms: 1.384846
  type: 'test'
  ...
# Subtest: Leading signed value
ok 165 - Leading signed value
  ---
  duration_ms: 0.130316
  type: 'test'
  ...
# Subtest: minus speech
ok 166 - minus speech
  ---
  duration_ms: 0.214563
  type: 'test'
  ...
# Subtest: negative speech
ok 167 - negative speech
  ---
  duration_ms: 0.129506
  type: 'test'
  ...
# Subtest: positive speech
ok 168 - positive speech
  ---
  duration_ms: 0.11925
  type: 'test'
  ...
# Subtest: plus speech
ok 169 - plus speech
  ---
  duration_ms: 0.110797
  type: 'test'
  ...
# Subtest: decimal speech
ok 170 - decimal speech
  ---
  duration_ms: 0.104267
  type: 'test'
  ...
# Subtest: fullwidth literal
ok 171 - fullwidth literal
  ---
  duration_ms: 0.131078
  type: 'test'
  ...
# Subtest: unchanged: ordinary numbers
ok 172 - unchanged: ordinary numbers
  ---
  duration_ms: 1.463585
  type: 'test'
  ...
# Subtest: unchanged: negation
ok 173 - unchanged: negation
  ---
  duration_ms: 0.606214
  type: 'test'
  ...
# Subtest: unchanged: numeric change
ok 174 - unchanged: numeric change
  ---
  duration_ms: 0.301173
  type: 'test'
  ...
# Subtest: unchanged: word hyphen
ok 175 - unchanged: word hyphen
  ---
  duration_ms: 0.162575
  type: 'test'
  ...
# Subtest: unchanged: bullet
ok 176 - unchanged: bullet
  ---
  duration_ms: 0.158089
  type: 'test'
  ...
# Subtest: unchanged: date
ok 177 - unchanged: date
  ---
  duration_ms: 0.344088
  type: 'test'
  ...
# Subtest: unchanged: range
ok 178 - unchanged: range
  ---
  duration_ms: 0.158088
  type: 'test'
  ...
# Subtest: unchanged: positive adjective
ok 179 - unchanged: positive adjective
  ---
  duration_ms: 0.161693
  type: 'test'
  ...
# Subtest: unchanged: negative adjective
ok 180 - unchanged: negative adjective
  ---
  duration_ms: 0.149425
  type: 'test'
  ...
# Subtest: unchanged: contraction
ok 181 - unchanged: contraction
  ---
  duration_ms: 0.171238
  type: 'test'
  ...
# Subtest: unchanged: thousands
ok 182 - unchanged: thousands
  ---
  duration_ms: 0.137427
  type: 'test'
  ...
# Subtest: known baseline collision is exposed, not silently removed from comparison
ok 183 - known baseline collision is exposed, not silently removed from comparison
  ---
  duration_ms: 0.257388
  type: 'test'
  ...
# Subtest: related-passage tokenization remains unchanged
ok 184 - related-passage tokenization remains unchanged
  ---
  duration_ms: 0.214073
  type: 'test'
  ...
# Subtest: related passage result is unchanged
ok 185 - related passage result is unchanged
  ---
  duration_ms: 2.564705
  type: 'test'
  ...
# Subtest: ASR cue conversion is unchanged
ok 186 - ASR cue conversion is unchanged
  ---
  duration_ms: 0.659083
  type: 'test'
  ...
# Subtest: invalid argument rejected
ok 187 - invalid argument rejected
  ---
  duration_ms: 0.29217
  type: 'test'
  ...
# Subtest: original token budget enforced
ok 188 - original token budget enforced
  ---
  duration_ms: 0.536558
  type: 'test'
  ...
# Subtest: leading decimal equivalent -.5
ok 189 - leading decimal equivalent -.5
  ---
  duration_ms: 0.898644
  type: 'test'
  ...
# Subtest: leading decimal equivalent −.5
ok 190 - leading decimal equivalent −.5
  ---
  duration_ms: 0.162485
  type: 'test'
  ...
# Subtest: leading decimal equivalent +.5
ok 191 - leading decimal equivalent +.5
  ---
  duration_ms: 0.119901
  type: 'test'
  ...
# Subtest: leading decimal equivalent (-.5)
ok 192 - leading decimal equivalent (-.5)
  ---
  duration_ms: 0.101923
  type: 'test'
  ...
# Subtest: leading decimal difference -.5 / .5
ok 193 - leading decimal difference -.5 / .5
  ---
  duration_ms: 0.137528
  type: 'test'
  ...
# Subtest: leading decimal difference −.5 / 0.5
ok 194 - leading decimal difference −.5 / 0.5
  ---
  duration_ms: 0.093861
  type: 'test'
  ...
# Subtest: leading decimal difference +.5 / -.5
ok 195 - leading decimal difference +.5 / -.5
  ---
  duration_ms: 0.091989
  type: 'test'
  ...
# Subtest: leading decimal difference 0.5 / 5
ok 196 - leading decimal difference 0.5 / 5
  ---
  duration_ms: 0.084527
  type: 'test'
  ...
1..196
# tests 196
# suites 0
# pass 196
# fail 0
# cancelled 0
# skipped 0
# todo 0
# duration_ms 341.122051
