Collecting numpy==2.3.5
  Downloading numpy-2.3.5-cp312-cp312-manylinux_2_27_x86_64.manylinux_2_28_x86_64.whl.metadata (62 kB)
Collecting scikit-image==0.26.0
  Downloading scikit_image-0.26.0-cp312-cp312-manylinux_2_24_x86_64.manylinux_2_28_x86_64.whl.metadata (15 kB)
Collecting pooch==1.8.2
  Downloading pooch-1.8.2-py3-none-any.whl.metadata (10 kB)
Collecting opencv-python-headless<6,>=5
  Downloading opencv_python_headless-5.0.0.93-cp37-abi3-manylinux_2_28_x86_64.whl.metadata (19 kB)
Collecting scipy>=1.11.4 (from scikit-image==0.26.0)
  Downloading scipy-1.18.1-cp312-cp312-manylinux_2_27_x86_64.manylinux_2_28_x86_64.whl.metadata (62 kB)
Collecting networkx>=3.0 (from scikit-image==0.26.0)
  Downloading networkx-3.6.1-py3-none-any.whl.metadata (6.8 kB)
Collecting pillow>=10.1 (from scikit-image==0.26.0)
  Downloading pillow-12.3.0-cp312-cp312-manylinux_2_27_x86_64.manylinux_2_28_x86_64.whl.metadata (9.1 kB)
Collecting imageio!=2.35.0,>=2.33 (from scikit-image==0.26.0)
  Downloading imageio-2.37.4-py3-none-any.whl.metadata (9.6 kB)
Collecting tifffile>=2022.8.12 (from scikit-image==0.26.0)
  Downloading tifffile-2026.9.9-py3-none-any.whl.metadata (33 kB)
Collecting packaging>=21 (from scikit-image==0.26.0)
  Downloading packaging-26.3-py3-none-any.whl.metadata (3.5 kB)
Collecting lazy-loader>=0.4 (from scikit-image==0.26.0)
  Downloading lazy_loader-0.5-py3-none-any.whl.metadata (5.9 kB)
Collecting platformdirs>=2.5.0 (from pooch==1.8.2)
  Downloading platformdirs-4.11.8-py3-none-any.whl.metadata (5.5 kB)
Collecting requests>=2.19.0 (from pooch==1.8.2)
  Downloading requests-2.34.2-py3-none-any.whl.metadata (4.8 kB)
Collecting charset_normalizer<4,>=2 (from requests>=2.19.0->pooch==1.8.2)
  Downloading charset_normalizer-3.5.1-cp312-cp312-manylinux2014_x86_64.manylinux_2_17_x86_64.manylinux_2_28_x86_64.whl.metadata (45 kB)
Collecting idna<4,>=2.5 (from requests>=2.19.0->pooch==1.8.2)
  Downloading idna-3.19-py3-none-any.whl.metadata (9.2 kB)
Collecting urllib3<3,>=1.26 (from requests>=2.19.0->pooch==1.8.2)
  Downloading urllib3-2.7.0-py3-none-any.whl.metadata (6.9 kB)
Collecting certifi>=2023.5.7 (from requests>=2.19.0->pooch==1.8.2)
  Downloading certifi-2026.7.22-py3-none-any.whl.metadata (2.5 kB)
Downloading numpy-2.3.5-cp312-cp312-manylinux_2_27_x86_64.manylinux_2_28_x86_64.whl (16.6 MB)
   ━━━━━━━━━━━━━━━━━━━━━━━━━━━━━━━━━━━━━━━━ 16.6/16.6 MB 59.2 MB/s eta 0:00:00
Downloading scikit_image-0.26.0-cp312-cp312-manylinux_2_24_x86_64.manylinux_2_28_x86_64.whl (13.6 MB)
   ━━━━━━━━━━━━━━━━━━━━━━━━━━━━━━━━━━━━━━━━ 13.6/13.6 MB 153.0 MB/s eta 0:00:00
Downloading pooch-1.8.2-py3-none-any.whl (64 kB)
Downloading opencv_python_headless-5.0.0.93-cp37-abi3-manylinux_2_28_x86_64.whl (61.2 MB)
   ━━━━━━━━━━━━━━━━━━━━━━━━━━━━━━━━━━━━━━━━ 61.2/61.2 MB 147.5 MB/s eta 0:00:00
Downloading imageio-2.37.4-py3-none-any.whl (318 kB)
Downloading lazy_loader-0.5-py3-none-any.whl (8.0 kB)
Downloading networkx-3.6.1-py3-none-any.whl (2.1 MB)
   ━━━━━━━━━━━━━━━━━━━━━━━━━━━━━━━━━━━━━━━━ 2.1/2.1 MB 276.2 MB/s eta 0:00:00
Downloading packaging-26.3-py3-none-any.whl (129 kB)
Downloading pillow-12.3.0-cp312-cp312-manylinux_2_27_x86_64.manylinux_2_28_x86_64.whl (6.9 MB)
   ━━━━━━━━━━━━━━━━━━━━━━━━━━━━━━━━━━━━━━━━ 6.9/6.9 MB 284.3 MB/s eta 0:00:00
Downloading platformdirs-4.11.8-py3-none-any.whl (24 kB)
Downloading requests-2.34.2-py3-none-any.whl (73 kB)
Downloading scipy-1.18.1-cp312-cp312-manylinux_2_27_x86_64.manylinux_2_28_x86_64.whl (35.3 MB)
   ━━━━━━━━━━━━━━━━━━━━━━━━━━━━━━━━━━━━━━━━ 35.3/35.3 MB 329.0 MB/s eta 0:00:00
Downloading tifffile-2026.9.9-py3-none-any.whl (273 kB)
Downloading certifi-2026.7.22-py3-none-any.whl (136 kB)
Downloading charset_normalizer-3.5.1-cp312-cp312-manylinux2014_x86_64.manylinux_2_17_x86_64.manylinux_2_28_x86_64.whl (248 kB)
Downloading idna-3.19-py3-none-any.whl (68 kB)
Downloading urllib3-2.7.0-py3-none-any.whl (131 kB)
Installing collected packages: urllib3, platformdirs, pillow, packaging, numpy, networkx, idna, charset_normalizer, certifi, tifffile, scipy, requests, opencv-python-headless, lazy-loader, imageio, scikit-image, pooch
Successfully installed certifi-2026.7.22 charset_normalizer-3.5.1 idna-3.19 imageio-2.37.4 lazy-loader-0.5 networkx-3.6.1 numpy-2.3.5 opencv-python-headless-5.0.0.93 packaging-26.3 pillow-12.3.0 platformdirs-4.11.8 pooch-1.8.2 requests-2.34.2 scikit-image-0.26.0 scipy-1.18.1 tifffile-2026.9.9 urllib3-2.7.0

[notice] A new release of pip is available: 25.0.1 -> 26.2.1
[notice] To update, run: python -m pip install --upgrade pip
