[  0%] Generate files for Python bindings and documentation
[  0%] Building C object 3rdparty/libjpeg-turbo/CMakeFiles/jpeg16-static.dir/src/jcapistd.c.o
[  0%] Building C object 3rdparty/clapack/CMakeFiles/libclapack.dir/src/cgemm.c.o
[  0%] Building C object 3rdparty/libjpeg-turbo/CMakeFiles/jpeg16-static.dir/src/jccolor.c.o
[  0%] Building C object 3rdparty/libjpeg-turbo/CMakeFiles/jpeg16-static.dir/src/jcdiffct.c.o
[  1%] Building C object 3rdparty/libjpeg-turbo/CMakeFiles/jpeg16-static.dir/src/jclossls.c.o
/home/runner/work/Joseph-Portfolio/Joseph-Portfolio/upstream-opencv/modules/python/src2/typing_stubs_generator.py:52: UserWarning: Typing stubs generation has failed.
Traceback (most recent call last):
  File "/home/runner/work/Joseph-Portfolio/Joseph-Portfolio/upstream-opencv/modules/python/src2/typing_stubs_generator.py", line 49, in wrapped_func
    ret_type = func(*args, **kwargs)
               ^^^^^^^^^^^^^^^^^^^^^
  File "/home/runner/work/Joseph-Portfolio/Joseph-Portfolio/upstream-opencv/modules/python/src2/typing_stubs_generator.py", line 148, in _generate
    generate_typing_stubs(self.cv_root, output_path)
  File "/home/runner/work/Joseph-Portfolio/Joseph-Portfolio/upstream-opencv/modules/python/src2/typing_stubs_generation/generation.py", line 83, in generate_typing_stubs
    apply_manual_api_refinement(root)
  File "/home/runner/work/Joseph-Portfolio/Joseph-Portfolio/upstream-opencv/modules/python/src2/typing_stubs_generation/api_refinement.py", line 27, in apply_manual_api_refinement
    refine_symbol(root, symbol_name)
  File "/home/runner/work/Joseph-Portfolio/Joseph-Portfolio/upstream-opencv/modules/python/src2/typing_stubs_generation/api_refinement.py", line 101, in _make_optional_arg
    function = find_function_node(root_node, function_symbol_name)
               ^^^^^^^^^^^^^^^^^^^^^^^^^^^^^^^^^^^^^^^^^^^^^^^^^^^
  File "/home/runner/work/Joseph-Portfolio/Joseph-Portfolio/upstream-opencv/modules/python/src2/typing_stubs_generation/ast_utils.py", line 160, in find_function_node
    raise SymbolNotFoundError(
typing_stubs_generation.ast_utils.SymbolNotFoundError: Can't find (namespace="cv", classes="", name="calibrateCamera") in its scope

  warnings.warn(
[  1%] Built target gen_opencv_python_source
[  1%] Building C object 3rdparty/libjpeg-turbo/CMakeFiles/jpeg12-static.dir/src/jcapistd.c.o
[  1%] Building C object 3rdparty/clapack/CMakeFiles/libclapack.dir/src/dcopy.c.o
[  1%] Building C object 3rdparty/libjpeg-turbo/CMakeFiles/jpeg12-static.dir/src/jccolor.c.o
[  1%] Building C object 3rdparty/libjpeg-turbo/CMakeFiles/jpeg16-static.dir/src/jcmainct.c.o
[  2%] Building C object 3rdparty/clapack/CMakeFiles/libclapack.dir/src/ddot.c.o
[  2%] Building C object 3rdparty/libjpeg-turbo/CMakeFiles/jpeg16-static.dir/src/jcprepct.c.o
[  2%] Building C object 3rdparty/clapack/CMakeFiles/libclapack.dir/src/dgeev.c.o
[  2%] Building C object 3rdparty/libjpeg-turbo/CMakeFiles/jpeg16-static.dir/src/jcsample.c.o
[  2%] Building C object 3rdparty/libjpeg-turbo/CMakeFiles/jpeg16-static.dir/src/jdapistd.c.o
[  2%] Building C object 3rdparty/libjpeg-turbo/CMakeFiles/jpeg16-static.dir/src/jdcolor.c.o
[  2%] Building C object 3rdparty/libjpeg-turbo/CMakeFiles/jpeg12-static.dir/src/jcdiffct.c.o
[  2%] Building C object 3rdparty/libjpeg-turbo/CMakeFiles/jpeg12-static.dir/src/jclossls.c.o
[  2%] Building C object 3rdparty/libjpeg-turbo/CMakeFiles/jpeg12-static.dir/src/jcmainct.c.o
[  3%] Building C object 3rdparty/libjpeg-turbo/CMakeFiles/jpeg12-static.dir/src/jcprepct.c.o
[  3%] Building C object 3rdparty/libjpeg-turbo/CMakeFiles/jpeg16-static.dir/src/jddiffct.c.o
[  3%] Building C object 3rdparty/libjpeg-turbo/CMakeFiles/jpeg12-static.dir/src/jcsample.c.o
[  4%] Building C object 3rdparty/libjpeg-turbo/CMakeFiles/jpeg16-static.dir/src/jdlossls.c.o
[  4%] Building C object 3rdparty/libjpeg-turbo/CMakeFiles/jpeg16-static.dir/src/jdmainct.c.o
[  4%] Building C object 3rdparty/libjpeg-turbo/CMakeFiles/jpeg12-static.dir/src/jdapistd.c.o
[  4%] Building C object 3rdparty/libjpeg-turbo/CMakeFiles/jpeg16-static.dir/src/jdpostct.c.o
[  4%] Building C object 3rdparty/libjpeg-turbo/CMakeFiles/jpeg16-static.dir/src/jdsample.c.o
[  4%] Building C object 3rdparty/libjpeg-turbo/CMakeFiles/jpeg12-static.dir/src/jdcolor.c.o
[  4%] Building C object 3rdparty/libjpeg-turbo/CMakeFiles/jpeg16-static.dir/src/jutils.c.o
[  4%] Built target jpeg16-static
[  4%] Building C object 3rdparty/clapack/CMakeFiles/libclapack.dir/src/dgemm.c.o
[  4%] Building C object 3rdparty/libtiff/CMakeFiles/libtiff.dir/tif_aux.c.o
[  4%] Building C object 3rdparty/libtiff/CMakeFiles/libtiff.dir/tif_close.c.o
[  5%] Building C object 3rdparty/libtiff/CMakeFiles/libtiff.dir/tif_codec.c.o
[  5%] Building C object 3rdparty/libtiff/CMakeFiles/libtiff.dir/tif_color.c.o
[  5%] Building C object 3rdparty/libtiff/CMakeFiles/libtiff.dir/tif_compress.c.o
[  5%] Building C object 3rdparty/libtiff/CMakeFiles/libtiff.dir/tif_dir.c.o
[  5%] Building C object 3rdparty/libjpeg-turbo/CMakeFiles/jpeg12-static.dir/src/jddiffct.c.o
[  5%] Building C object 3rdparty/libjpeg-turbo/CMakeFiles/jpeg12-static.dir/src/jdlossls.c.o
[  5%] Building C object 3rdparty/libtiff/CMakeFiles/libtiff.dir/tif_dirinfo.c.o
[  5%] Building C object 3rdparty/libjpeg-turbo/CMakeFiles/jpeg12-static.dir/src/jdmainct.c.o
[  5%] Building C object 3rdparty/libtiff/CMakeFiles/libtiff.dir/tif_dirread.c.o
[  6%] Building C object 3rdparty/libjpeg-turbo/CMakeFiles/jpeg12-static.dir/src/jdpostct.c.o
[  6%] Building C object 3rdparty/libjpeg-turbo/CMakeFiles/jpeg12-static.dir/src/jdsample.c.o
[  6%] Building C object 3rdparty/libjpeg-turbo/CMakeFiles/jpeg12-static.dir/src/jutils.c.o
[  6%] Building C object 3rdparty/libjpeg-turbo/CMakeFiles/jpeg12-static.dir/src/jccoefct.c.o
[  6%] Building C object 3rdparty/libjpeg-turbo/CMakeFiles/jpeg12-static.dir/src/jcdctmgr.c.o
[  6%] Building C object 3rdparty/libjpeg-turbo/CMakeFiles/jpeg12-static.dir/src/jdcoefct.c.o
[  7%] Building C object 3rdparty/libjpeg-turbo/CMakeFiles/jpeg12-static.dir/src/jddctmgr.c.o
[  7%] Building C object 3rdparty/libjpeg-turbo/CMakeFiles/jpeg12-static.dir/src/jdmerge.c.o
[  7%] Building C object 3rdparty/libtiff/CMakeFiles/libtiff.dir/tif_dirwrite.c.o
[  7%] Building C object 3rdparty/clapack/CMakeFiles/libclapack.dir/src/dgemv.c.o
[  7%] Building C object 3rdparty/libjpeg-turbo/CMakeFiles/jpeg12-static.dir/src/jfdctfst.c.o
[  7%] Building C object 3rdparty/libjpeg-turbo/CMakeFiles/jpeg12-static.dir/src/jfdctint.c.o
[  7%] Building C object 3rdparty/clapack/CMakeFiles/libclapack.dir/src/dgesdd.c.o
[  7%] Building C object 3rdparty/libjpeg-turbo/CMakeFiles/jpeg12-static.dir/src/jidctflt.c.o
[  7%] Building C object 3rdparty/libjpeg-turbo/CMakeFiles/jpeg12-static.dir/src/jidctfst.c.o
[  7%] Building C object 3rdparty/libjpeg-turbo/CMakeFiles/jpeg12-static.dir/src/jidctint.c.o
[  8%] Building C object 3rdparty/libtiff/CMakeFiles/libtiff.dir/tif_dumpmode.c.o
[  8%] Building C object 3rdparty/libtiff/CMakeFiles/libtiff.dir/tif_error.c.o
[  8%] Building C object 3rdparty/libtiff/CMakeFiles/libtiff.dir/tif_extension.c.o
[  8%] Building C object 3rdparty/libtiff/CMakeFiles/libtiff.dir/tif_fax3.c.o
[  9%] Building C object 3rdparty/libjpeg-turbo/CMakeFiles/jpeg12-static.dir/src/jidctred.c.o
[  9%] Building C object 3rdparty/libjpeg-turbo/CMakeFiles/jpeg12-static.dir/src/jquant1.c.o
[  9%] Building C object 3rdparty/libjpeg-turbo/CMakeFiles/jpeg12-static.dir/src/jquant2.c.o
[  9%] Building C object 3rdparty/libtiff/CMakeFiles/libtiff.dir/tif_fax3sm.c.o
[  9%] Building C object 3rdparty/libtiff/CMakeFiles/libtiff.dir/tif_flush.c.o
[  9%] Building C object 3rdparty/libtiff/CMakeFiles/libtiff.dir/tif_getimage.c.o
[  9%] Built target jpeg12-static
[  9%] Building C object 3rdparty/clapack/CMakeFiles/libclapack.dir/src/disnan.c.o
[ 10%] Building C object 3rdparty/libtiff/CMakeFiles/libtiff.dir/tif_hash_set.c.o
[ 10%] Building C object 3rdparty/libtiff/CMakeFiles/libtiff.dir/tif_jbig.c.o
[ 10%] Building C object 3rdparty/libwebp/CMakeFiles/libwebp.dir/sharpyuv/sharpyuv.c.o
[ 10%] Building C object 3rdparty/libwebp/CMakeFiles/libwebp.dir/sharpyuv/sharpyuv_cpu.c.o
[ 10%] Building C object 3rdparty/libwebp/CMakeFiles/libwebp.dir/sharpyuv/sharpyuv_csp.c.o
[ 10%] Building C object 3rdparty/libwebp/CMakeFiles/libwebp.dir/sharpyuv/sharpyuv_dsp.c.o
[ 10%] Building C object 3rdparty/libwebp/CMakeFiles/libwebp.dir/sharpyuv/sharpyuv_gamma.c.o
[ 11%] Building C object 3rdparty/libwebp/CMakeFiles/libwebp.dir/sharpyuv/sharpyuv_neon.c.o
[ 11%] Building C object 3rdparty/libwebp/CMakeFiles/libwebp.dir/sharpyuv/sharpyuv_sse2.c.o
[ 11%] Building C object 3rdparty/libwebp/CMakeFiles/libwebp.dir/src/dec/alpha_dec.c.o
[ 11%] Building C object 3rdparty/libwebp/CMakeFiles/libwebp.dir/src/dec/buffer_dec.c.o
[ 12%] Building C object 3rdparty/clapack/CMakeFiles/libclapack.dir/src/dlacpy.c.o
[ 12%] Building C object 3rdparty/libwebp/CMakeFiles/libwebp.dir/src/dec/frame_dec.c.o
[ 12%] Building C object 3rdparty/clapack/CMakeFiles/libclapack.dir/src/dlange.c.o
[ 12%] Building C object 3rdparty/libtiff/CMakeFiles/libtiff.dir/tif_jpeg_12.c.o
[ 12%] Building C object 3rdparty/clapack/CMakeFiles/libclapack.dir/src/dlapy2.c.o
[ 12%] Building C object 3rdparty/libtiff/CMakeFiles/libtiff.dir/tif_jpeg.c.o
[ 12%] Building C object 3rdparty/clapack/CMakeFiles/libclapack.dir/src/dlarf.c.o
[ 12%] Building C object 3rdparty/clapack/CMakeFiles/libclapack.dir/src/dlarfb.c.o
[ 12%] Building C object 3rdparty/libwebp/CMakeFiles/libwebp.dir/src/dec/idec_dec.c.o
[ 12%] Building C object 3rdparty/clapack/CMakeFiles/libclapack.dir/src/dlarfg.c.o
[ 12%] Building C object 3rdparty/clapack/CMakeFiles/libclapack.dir/src/dlarft.c.o
[ 13%] Building C object 3rdparty/libwebp/CMakeFiles/libwebp.dir/src/dec/io_dec.c.o
[ 13%] Building C object 3rdparty/libtiff/CMakeFiles/libtiff.dir/tif_luv.c.o
[ 14%] Building C object 3rdparty/clapack/CMakeFiles/libclapack.dir/src/dlartg.c.o
[ 14%] Building C object 3rdparty/libwebp/CMakeFiles/libwebp.dir/src/dec/quant_dec.c.o
[ 14%] Building C object 3rdparty/clapack/CMakeFiles/libclapack.dir/src/dlascl.c.o
[ 14%] Building C object 3rdparty/libwebp/CMakeFiles/libwebp.dir/src/dec/tree_dec.c.o
[ 14%] Building C object 3rdparty/libwebp/CMakeFiles/libwebp.dir/src/dec/vp8_dec.c.o
[ 14%] Building C object 3rdparty/clapack/CMakeFiles/libclapack.dir/src/dlaset.c.o
[ 14%] Building C object 3rdparty/clapack/CMakeFiles/libclapack.dir/src/dlassq.c.o
[ 14%] Building C object 3rdparty/clapack/CMakeFiles/libclapack.dir/src/dnrm2.c.o
[ 14%] Building C object 3rdparty/clapack/CMakeFiles/libclapack.dir/src/dorgqr.c.o
[ 14%] Building C object 3rdparty/libtiff/CMakeFiles/libtiff.dir/tif_lzma.c.o
[ 15%] Building C object 3rdparty/libtiff/CMakeFiles/libtiff.dir/tif_lzw.c.o
[ 17%] Building C object 3rdparty/clapack/CMakeFiles/libclapack.dir/src/dormqr.c.o
[ 17%] Building C object 3rdparty/clapack/CMakeFiles/libclapack.dir/src/drot.c.o
[ 17%] Building C object 3rdparty/libwebp/CMakeFiles/libwebp.dir/src/dec/vp8l_dec.c.o
[ 17%] Building C object 3rdparty/clapack/CMakeFiles/libclapack.dir/src/dscal.c.o
[ 17%] Building C object 3rdparty/clapack/CMakeFiles/libclapack.dir/src/dswap.c.o
[ 17%] Building C object 3rdparty/libtiff/CMakeFiles/libtiff.dir/tif_next.c.o
[ 17%] Building C object 3rdparty/clapack/CMakeFiles/libclapack.dir/src/dtrmm.c.o
[ 17%] Building C object 3rdparty/libtiff/CMakeFiles/libtiff.dir/tif_ojpeg.c.o
[ 17%] Building C object 3rdparty/libtiff/CMakeFiles/libtiff.dir/tif_open.c.o
[ 17%] Building C object 3rdparty/clapack/CMakeFiles/libclapack.dir/src/dtrmv.c.o
[ 17%] Building C object 3rdparty/libtiff/CMakeFiles/libtiff.dir/tif_packbits.c.o
[ 17%] Building C object 3rdparty/clapack/CMakeFiles/libclapack.dir/src/ilaenv.c.o
[ 17%] Building C object 3rdparty/libtiff/CMakeFiles/libtiff.dir/tif_pixarlog.c.o
[ 17%] Building C object 3rdparty/libtiff/CMakeFiles/libtiff.dir/tif_predict.c.o
[ 17%] Building C object 3rdparty/libwebp/CMakeFiles/libwebp.dir/src/dec/webp_dec.c.o
[ 18%] Building C object 3rdparty/clapack/CMakeFiles/libclapack.dir/src/sgemm.c.o
[ 18%] Building C object 3rdparty/clapack/CMakeFiles/libclapack.dir/src/zgemm.c.o
[ 18%] Building C object 3rdparty/libwebp/CMakeFiles/libwebp.dir/src/demux/anim_decode.c.o
[ 19%] Building C object 3rdparty/libtiff/CMakeFiles/libtiff.dir/tif_print.c.o
[ 20%] Building C object 3rdparty/libwebp/CMakeFiles/libwebp.dir/src/demux/demux.c.o
[ 20%] Building C object 3rdparty/libtiff/CMakeFiles/libtiff.dir/tif_read.c.o
[ 20%] Building C object 3rdparty/clapack/CMakeFiles/libclapack.dir/runtime/cblas_wrap.c.o
[ 20%] Building C object 3rdparty/libwebp/CMakeFiles/libwebp.dir/src/dsp/alpha_processing.c.o
[ 20%] Building C object 3rdparty/clapack/CMakeFiles/libclapack.dir/runtime/dlamch_custom.c.o
[ 20%] Building C object 3rdparty/clapack/CMakeFiles/libclapack.dir/runtime/lapack_stubs.c.o
[ 20%] Building C object 3rdparty/libwebp/CMakeFiles/libwebp.dir/src/dsp/alpha_processing_mips_dsp_r2.c.o
[ 20%] Building C object 3rdparty/clapack/CMakeFiles/libclapack.dir/runtime/lsame_custom.c.o
[ 20%] Building C object 3rdparty/libwebp/CMakeFiles/libwebp.dir/src/dsp/alpha_processing_neon.c.o
[ 20%] Building C object 3rdparty/libtiff/CMakeFiles/libtiff.dir/tif_strip.c.o
[ 20%] Building C object 3rdparty/libwebp/CMakeFiles/libwebp.dir/src/dsp/alpha_processing_sse2.c.o
[ 20%] Building C object 3rdparty/clapack/CMakeFiles/libclapack.dir/runtime/pow_di.c.o
[ 21%] Building C object 3rdparty/clapack/CMakeFiles/libclapack.dir/runtime/pow_ii.c.o
[ 21%] Building C object 3rdparty/clapack/CMakeFiles/libclapack.dir/runtime/s_cat.c.o
[ 21%] Building C object 3rdparty/libtiff/CMakeFiles/libtiff.dir/tif_swab.c.o
[ 21%] Building C object 3rdparty/clapack/CMakeFiles/libclapack.dir/runtime/s_cmp.c.o
[ 21%] Building C object 3rdparty/clapack/CMakeFiles/libclapack.dir/runtime/slamch_custom.c.o
[ 21%] Building C object 3rdparty/libwebp/CMakeFiles/libwebp.dir/src/dsp/alpha_processing_sse41.c.o
[ 21%] Building C object 3rdparty/clapack/CMakeFiles/libclapack.dir/runtime/xerbla_custom.c.o
[ 22%] Building C object 3rdparty/libwebp/CMakeFiles/libwebp.dir/src/dsp/cost.c.o
[ 22%] Building C object 3rdparty/libtiff/CMakeFiles/libtiff.dir/tif_thunder.c.o
[ 22%] Linking C static library ../lib/liblibclapack.a
[ 22%] Building C object 3rdparty/libwebp/CMakeFiles/libwebp.dir/src/dsp/cost_mips32.c.o
[ 22%] Building C object 3rdparty/libwebp/CMakeFiles/libwebp.dir/src/dsp/cost_mips_dsp_r2.c.o
[ 22%] Building C object 3rdparty/libtiff/CMakeFiles/libtiff.dir/tif_tile.c.o
[ 22%] Building C object 3rdparty/libwebp/CMakeFiles/libwebp.dir/src/dsp/cost_neon.c.o
[ 22%] Building C object 3rdparty/libwebp/CMakeFiles/libwebp.dir/src/dsp/cost_sse2.c.o
[ 23%] Building C object 3rdparty/libtiff/CMakeFiles/libtiff.dir/tif_version.c.o
[ 23%] Building C object 3rdparty/libtiff/CMakeFiles/libtiff.dir/tif_warning.c.o
[ 23%] Building C object 3rdparty/libwebp/CMakeFiles/libwebp.dir/src/dsp/cpu.c.o
[ 23%] Building C object 3rdparty/libtiff/CMakeFiles/libtiff.dir/tif_webp.c.o
[ 23%] Building C object 3rdparty/libwebp/CMakeFiles/libwebp.dir/src/dsp/dec.c.o
[ 23%] Building C object 3rdparty/libtiff/CMakeFiles/libtiff.dir/tif_write.c.o
[ 23%] Building C object 3rdparty/libtiff/CMakeFiles/libtiff.dir/tif_zip.c.o
[ 23%] Building C object 3rdparty/libtiff/CMakeFiles/libtiff.dir/tif_zstd.c.o
[ 23%] Building CXX object 3rdparty/libtiff/CMakeFiles/libtiff.dir/tif_stream.cxx.o
[ 24%] Building C object 3rdparty/libwebp/CMakeFiles/libwebp.dir/src/dsp/dec_clip_tables.c.o
[ 24%] Building C object 3rdparty/libwebp/CMakeFiles/libwebp.dir/src/dsp/dec_mips32.c.o
[ 24%] Building C object 3rdparty/libwebp/CMakeFiles/libwebp.dir/src/dsp/dec_mips_dsp_r2.c.o
[ 24%] Building C object 3rdparty/libwebp/CMakeFiles/libwebp.dir/src/dsp/dec_msa.c.o
[ 24%] Building C object 3rdparty/libwebp/CMakeFiles/libwebp.dir/src/dsp/dec_neon.c.o
[ 24%] Building C object 3rdparty/libwebp/CMakeFiles/libwebp.dir/src/dsp/dec_sse2.c.o
[ 24%] Building C object 3rdparty/libwebp/CMakeFiles/libwebp.dir/src/dsp/dec_sse41.c.o
[ 25%] Building C object 3rdparty/libwebp/CMakeFiles/libwebp.dir/src/dsp/enc.c.o
[ 25%] Building C object 3rdparty/libwebp/CMakeFiles/libwebp.dir/src/dsp/enc_mips32.c.o
[ 25%] Building C object 3rdparty/libwebp/CMakeFiles/libwebp.dir/src/dsp/enc_mips_dsp_r2.c.o
[ 25%] Building C object 3rdparty/libwebp/CMakeFiles/libwebp.dir/src/dsp/enc_msa.c.o
[ 25%] Building C object 3rdparty/libwebp/CMakeFiles/libwebp.dir/src/dsp/enc_neon.c.o
[ 25%] Building C object 3rdparty/libwebp/CMakeFiles/libwebp.dir/src/dsp/enc_sse2.c.o
[ 26%] Building C object 3rdparty/libtiff/CMakeFiles/libtiff.dir/tif_unix.c.o
[ 26%] Linking CXX static library ../lib/liblibtiff.a
[ 27%] Building C object 3rdparty/libwebp/CMakeFiles/libwebp.dir/src/dsp/enc_sse41.c.o
[ 27%] Building C object 3rdparty/libwebp/CMakeFiles/libwebp.dir/src/dsp/filters.c.o
[ 27%] Building C object 3rdparty/libwebp/CMakeFiles/libwebp.dir/src/dsp/filters_mips_dsp_r2.c.o
[ 27%] Building C object 3rdparty/libwebp/CMakeFiles/libwebp.dir/src/dsp/filters_msa.c.o
[ 27%] Building C object 3rdparty/libwebp/CMakeFiles/libwebp.dir/src/dsp/filters_neon.c.o
[ 27%] Building C object 3rdparty/libwebp/CMakeFiles/libwebp.dir/src/dsp/filters_sse2.c.o
[ 27%] Building C object 3rdparty/libwebp/CMakeFiles/libwebp.dir/src/dsp/lossless.c.o
[ 28%] Building C object 3rdparty/libwebp/CMakeFiles/libwebp.dir/src/dsp/lossless_avx2.c.o
[ 28%] Building C object 3rdparty/libwebp/CMakeFiles/libwebp.dir/src/dsp/lossless_enc.c.o
[ 28%] Building C object 3rdparty/libwebp/CMakeFiles/libwebp.dir/src/dsp/lossless_enc_avx2.c.o
[ 28%] Building C object 3rdparty/libwebp/CMakeFiles/libwebp.dir/src/dsp/lossless_enc_mips32.c.o
[ 28%] Building C object 3rdparty/libwebp/CMakeFiles/libwebp.dir/src/dsp/lossless_enc_mips_dsp_r2.c.o
[ 28%] Building C object 3rdparty/libwebp/CMakeFiles/libwebp.dir/src/dsp/lossless_enc_msa.c.o
[ 29%] Building C object 3rdparty/libwebp/CMakeFiles/libwebp.dir/src/dsp/lossless_enc_neon.c.o
[ 29%] Building C object 3rdparty/libwebp/CMakeFiles/libwebp.dir/src/dsp/lossless_enc_sse2.c.o
[ 29%] Building C object 3rdparty/libwebp/CMakeFiles/libwebp.dir/src/dsp/lossless_enc_sse41.c.o
[ 29%] Building C object 3rdparty/libwebp/CMakeFiles/libwebp.dir/src/dsp/lossless_mips_dsp_r2.c.o
[ 29%] Building C object 3rdparty/libwebp/CMakeFiles/libwebp.dir/src/dsp/lossless_msa.c.o
[ 29%] Building C object 3rdparty/libwebp/CMakeFiles/libwebp.dir/src/dsp/lossless_neon.c.o
[ 29%] Building C object 3rdparty/libwebp/CMakeFiles/libwebp.dir/src/dsp/lossless_sse2.c.o
[ 30%] Building C object 3rdparty/libwebp/CMakeFiles/libwebp.dir/src/dsp/lossless_sse41.c.o
[ 30%] Building C object 3rdparty/libwebp/CMakeFiles/libwebp.dir/src/dsp/rescaler.c.o
[ 30%] Building C object 3rdparty/libwebp/CMakeFiles/libwebp.dir/src/dsp/rescaler_mips32.c.o
[ 30%] Building C object 3rdparty/libwebp/CMakeFiles/libwebp.dir/src/dsp/rescaler_mips_dsp_r2.c.o
[ 30%] Building C object 3rdparty/libwebp/CMakeFiles/libwebp.dir/src/dsp/rescaler_msa.c.o
[ 30%] Building C object 3rdparty/libwebp/CMakeFiles/libwebp.dir/src/dsp/rescaler_neon.c.o
[ 30%] Building C object 3rdparty/libwebp/CMakeFiles/libwebp.dir/src/dsp/rescaler_sse2.c.o
[ 31%] Building C object 3rdparty/libwebp/CMakeFiles/libwebp.dir/src/dsp/ssim.c.o
[ 31%] Building C object 3rdparty/libwebp/CMakeFiles/libwebp.dir/src/dsp/ssim_sse2.c.o
[ 31%] Building C object 3rdparty/libwebp/CMakeFiles/libwebp.dir/src/dsp/upsampling.c.o
[ 31%] Building C object 3rdparty/libwebp/CMakeFiles/libwebp.dir/src/dsp/upsampling_mips_dsp_r2.c.o
[ 31%] Building C object 3rdparty/libwebp/CMakeFiles/libwebp.dir/src/dsp/upsampling_msa.c.o
[ 31%] Building C object 3rdparty/libwebp/CMakeFiles/libwebp.dir/src/dsp/upsampling_neon.c.o
[ 32%] Building C object 3rdparty/libwebp/CMakeFiles/libwebp.dir/src/dsp/upsampling_sse2.c.o
[ 32%] Building C object 3rdparty/libwebp/CMakeFiles/libwebp.dir/src/dsp/upsampling_sse41.c.o
[ 32%] Building C object 3rdparty/libwebp/CMakeFiles/libwebp.dir/src/dsp/yuv.c.o
[ 32%] Building C object 3rdparty/libwebp/CMakeFiles/libwebp.dir/src/dsp/yuv_mips32.c.o
[ 32%] Building C object 3rdparty/libwebp/CMakeFiles/libwebp.dir/src/dsp/yuv_mips_dsp_r2.c.o
[ 32%] Building C object 3rdparty/libwebp/CMakeFiles/libwebp.dir/src/dsp/yuv_neon.c.o
[ 32%] Building C object 3rdparty/libwebp/CMakeFiles/libwebp.dir/src/dsp/yuv_sse2.c.o
[ 34%] Building C object 3rdparty/libwebp/CMakeFiles/libwebp.dir/src/dsp/yuv_sse41.c.o
[ 34%] Building C object 3rdparty/libwebp/CMakeFiles/libwebp.dir/src/enc/alpha_enc.c.o
[ 34%] Building C object 3rdparty/libwebp/CMakeFiles/libwebp.dir/src/enc/analysis_enc.c.o
[ 34%] Building C object 3rdparty/libwebp/CMakeFiles/libwebp.dir/src/enc/backward_references_cost_enc.c.o
[ 34%] Building C object 3rdparty/libwebp/CMakeFiles/libwebp.dir/src/enc/backward_references_enc.c.o
[ 34%] Building C object 3rdparty/libwebp/CMakeFiles/libwebp.dir/src/enc/config_enc.c.o
[ 35%] Building C object 3rdparty/libwebp/CMakeFiles/libwebp.dir/src/enc/cost_enc.c.o
[ 35%] Building C object 3rdparty/libwebp/CMakeFiles/libwebp.dir/src/enc/filter_enc.c.o
[ 35%] Building C object 3rdparty/libwebp/CMakeFiles/libwebp.dir/src/enc/frame_enc.c.o
[ 35%] Building C object 3rdparty/libwebp/CMakeFiles/libwebp.dir/src/enc/histogram_enc.c.o
[ 35%] Building C object 3rdparty/libwebp/CMakeFiles/libwebp.dir/src/enc/iterator_enc.c.o
[ 35%] Building C object 3rdparty/libwebp/CMakeFiles/libwebp.dir/src/enc/near_lossless_enc.c.o
[ 35%] Building C object 3rdparty/libwebp/CMakeFiles/libwebp.dir/src/enc/picture_csp_enc.c.o
[ 36%] Building C object 3rdparty/libwebp/CMakeFiles/libwebp.dir/src/enc/picture_enc.c.o
[ 36%] Building C object 3rdparty/libwebp/CMakeFiles/libwebp.dir/src/enc/picture_psnr_enc.c.o
[ 36%] Building C object 3rdparty/libwebp/CMakeFiles/libwebp.dir/src/enc/picture_rescale_enc.c.o
[ 36%] Building C object 3rdparty/libwebp/CMakeFiles/libwebp.dir/src/enc/picture_tools_enc.c.o
[ 36%] Building C object 3rdparty/libwebp/CMakeFiles/libwebp.dir/src/enc/predictor_enc.c.o
[ 36%] Building C object 3rdparty/libwebp/CMakeFiles/libwebp.dir/src/enc/quant_enc.c.o
[ 36%] Building C object 3rdparty/libwebp/CMakeFiles/libwebp.dir/src/enc/syntax_enc.c.o
[ 37%] Building C object 3rdparty/libwebp/CMakeFiles/libwebp.dir/src/enc/token_enc.c.o
[ 37%] Built target libtiff
[ 37%] Building C object 3rdparty/openjpeg/openjp2/CMakeFiles/libopenjp2.dir/thread.c.o
[ 37%] Built target libclapack
[ 38%] Building C object 3rdparty/openjpeg/openjp2/CMakeFiles/libopenjp2.dir/bio.c.o
[ 38%] Building C object 3rdparty/libwebp/CMakeFiles/libwebp.dir/src/enc/tree_enc.c.o
[ 38%] Building C object 3rdparty/openjpeg/openjp2/CMakeFiles/libopenjp2.dir/cio.c.o
[ 38%] Building C object 3rdparty/openjpeg/openjp2/CMakeFiles/libopenjp2.dir/dwt.c.o
[ 38%] Building C object 3rdparty/libwebp/CMakeFiles/libwebp.dir/src/enc/vp8l_enc.c.o
[ 38%] Building C object 3rdparty/libwebp/CMakeFiles/libwebp.dir/src/enc/webp_enc.c.o
[ 38%] Building C object 3rdparty/libwebp/CMakeFiles/libwebp.dir/src/mux/anim_encode.c.o
[ 38%] Building C object 3rdparty/libpng/CMakeFiles/libpng.dir/png.c.o
[ 38%] Building C object 3rdparty/libwebp/CMakeFiles/libwebp.dir/src/mux/muxedit.c.o
[ 39%] Building C object 3rdparty/libwebp/CMakeFiles/libwebp.dir/src/mux/muxinternal.c.o
[ 39%] Building C object 3rdparty/libpng/CMakeFiles/libpng.dir/pngerror.c.o
[ 39%] Building C object 3rdparty/libwebp/CMakeFiles/libwebp.dir/src/mux/muxread.c.o
[ 39%] Building C object 3rdparty/libpng/CMakeFiles/libpng.dir/pngget.c.o
[ 39%] Building C object 3rdparty/libwebp/CMakeFiles/libwebp.dir/src/utils/bit_reader_utils.c.o
[ 39%] Building C object 3rdparty/libpng/CMakeFiles/libpng.dir/pngmem.c.o
[ 40%] Building C object 3rdparty/libpng/CMakeFiles/libpng.dir/pngpread.c.o
[ 40%] Building C object 3rdparty/libwebp/CMakeFiles/libwebp.dir/src/utils/bit_writer_utils.c.o
[ 40%] Building C object 3rdparty/libwebp/CMakeFiles/libwebp.dir/src/utils/color_cache_utils.c.o
[ 40%] Building C object 3rdparty/libwebp/CMakeFiles/libwebp.dir/src/utils/filters_utils.c.o
[ 40%] Building C object 3rdparty/libpng/CMakeFiles/libpng.dir/pngread.c.o
[ 40%] Building C object 3rdparty/libwebp/CMakeFiles/libwebp.dir/src/utils/huffman_encode_utils.c.o
[ 40%] Building C object 3rdparty/openjpeg/openjp2/CMakeFiles/libopenjp2.dir/event.c.o
[ 40%] Building C object 3rdparty/openjpeg/openjp2/CMakeFiles/libopenjp2.dir/ht_dec.c.o
[ 41%] Building C object 3rdparty/libwebp/CMakeFiles/libwebp.dir/src/utils/huffman_utils.c.o
[ 41%] Building C object 3rdparty/libwebp/CMakeFiles/libwebp.dir/src/utils/palette.c.o
[ 41%] Building C object 3rdparty/libwebp/CMakeFiles/libwebp.dir/src/utils/quant_levels_dec_utils.c.o
[ 41%] Building C object 3rdparty/libwebp/CMakeFiles/libwebp.dir/src/utils/quant_levels_utils.c.o
[ 41%] Building C object 3rdparty/libpng/CMakeFiles/libpng.dir/pngrio.c.o
[ 41%] Building C object 3rdparty/libwebp/CMakeFiles/libwebp.dir/src/utils/random_utils.c.o
[ 41%] Building C object 3rdparty/libwebp/CMakeFiles/libwebp.dir/src/utils/rescaler_utils.c.o
[ 41%] Building C object 3rdparty/libpng/CMakeFiles/libpng.dir/pngrtran.c.o
[ 42%] Building C object 3rdparty/libwebp/CMakeFiles/libwebp.dir/src/utils/thread_utils.c.o
[ 42%] Building C object 3rdparty/libwebp/CMakeFiles/libwebp.dir/src/utils/utils.c.o
[ 42%] Linking C static library ../lib/liblibwebp.a
[ 42%] Built target libwebp
[ 42%] Building C object 3rdparty/libpng/CMakeFiles/libpng.dir/pngrutil.c.o
[ 42%] Building C object 3rdparty/openjpeg/openjp2/CMakeFiles/libopenjp2.dir/image.c.o
[ 43%] Building C object 3rdparty/openjpeg/openjp2/CMakeFiles/libopenjp2.dir/invert.c.o
[ 43%] Building C object 3rdparty/openjpeg/openjp2/CMakeFiles/libopenjp2.dir/j2k.c.o
[ 43%] Building C object 3rdparty/openjpeg/openjp2/CMakeFiles/libopenjp2.dir/jp2.c.o
[ 43%] Building C object 3rdparty/libpng/CMakeFiles/libpng.dir/pngset.c.o
[ 43%] Building C object 3rdparty/openjpeg/openjp2/CMakeFiles/libopenjp2.dir/mct.c.o
[ 43%] Building C object 3rdparty/libpng/CMakeFiles/libpng.dir/pngtrans.c.o
[ 43%] Processing OpenCL kernels (core)
[ 44%] Building C object 3rdparty/libpng/CMakeFiles/libpng.dir/pngwio.c.o
[ 44%] Building CXX object modules/core/CMakeFiles/opencv_core.dir/src/algorithm.cpp.o
[ 44%] Building C object 3rdparty/libpng/CMakeFiles/libpng.dir/pngwrite.c.o
[ 44%] Building C object 3rdparty/libpng/CMakeFiles/libpng.dir/pngwtran.c.o
[ 44%] Building C object 3rdparty/libpng/CMakeFiles/libpng.dir/pngwutil.c.o
[ 44%] Building CXX object modules/core/CMakeFiles/opencv_core.dir/src/alloc.cpp.o
[ 44%] Building C object 3rdparty/openjpeg/openjp2/CMakeFiles/libopenjp2.dir/mqc.c.o
[ 44%] Building C object 3rdparty/openjpeg/openjp2/CMakeFiles/libopenjp2.dir/openjpeg.c.o
[ 44%] Building C object 3rdparty/openjpeg/openjp2/CMakeFiles/libopenjp2.dir/opj_clock.c.o
[ 45%] Building C object 3rdparty/openjpeg/openjp2/CMakeFiles/libopenjp2.dir/pi.c.o
[ 45%] Building C object 3rdparty/libpng/CMakeFiles/libpng.dir/intel/intel_init.c.o
[ 45%] Building C object 3rdparty/libpng/CMakeFiles/libpng.dir/intel/filter_sse2_intrinsics.c.o
[ 45%] Building C object 3rdparty/openjpeg/openjp2/CMakeFiles/libopenjp2.dir/t1.c.o
[ 45%] Building CXX object modules/core/CMakeFiles/opencv_core.dir/src/arithm.cpp.o
[ 46%] Linking C static library ../lib/liblibpng.a
[ 46%] Built target libpng
[ 46%] Building C object 3rdparty/openjpeg/openjp2/CMakeFiles/libopenjp2.dir/t2.c.o
[ 46%] Building C object 3rdparty/openjpeg/openjp2/CMakeFiles/libopenjp2.dir/tcd.c.o
[ 47%] Building CXX object modules/core/CMakeFiles/opencv_core.dir/src/arithm.dispatch.cpp.o
[ 47%] Building CXX object modules/core/CMakeFiles/opencv_core.dir/src/async.cpp.o
[ 47%] Building C object 3rdparty/openjpeg/openjp2/CMakeFiles/libopenjp2.dir/tgt.c.o
[ 47%] Building C object 3rdparty/openjpeg/openjp2/CMakeFiles/libopenjp2.dir/function_list.c.o
[ 48%] Building C object 3rdparty/openjpeg/openjp2/CMakeFiles/libopenjp2.dir/opj_malloc.c.o
[ 48%] Building C object 3rdparty/openjpeg/openjp2/CMakeFiles/libopenjp2.dir/sparse_array.c.o
[ 48%] Linking C static library ../../lib/liblibopenjp2.a
[ 48%] Built target libopenjp2
[ 50%] Building C object 3rdparty/libjpeg-turbo/CMakeFiles/libjpeg-turbo.dir/src/jcapistd.c.o
[ 50%] Building C object 3rdparty/libjpeg-turbo/CMakeFiles/libjpeg-turbo.dir/src/jccolor.c.o
[ 50%] Building CXX object modules/core/CMakeFiles/opencv_core.dir/src/batch_distance.cpp.o
[ 50%] Building C object 3rdparty/libjpeg-turbo/CMakeFiles/libjpeg-turbo.dir/src/jcdiffct.c.o
[ 50%] Building C object 3rdparty/libjpeg-turbo/CMakeFiles/libjpeg-turbo.dir/src/jclossls.c.o
[ 50%] Building C object 3rdparty/libjpeg-turbo/CMakeFiles/libjpeg-turbo.dir/src/jcmainct.c.o
[ 50%] Building C object 3rdparty/libjpeg-turbo/CMakeFiles/libjpeg-turbo.dir/src/jcprepct.c.o
[ 50%] Building C object 3rdparty/libjpeg-turbo/CMakeFiles/libjpeg-turbo.dir/src/jcsample.c.o
[ 51%] Building C object 3rdparty/libjpeg-turbo/CMakeFiles/libjpeg-turbo.dir/src/jdapistd.c.o
[ 51%] Building CXX object modules/core/CMakeFiles/opencv_core.dir/src/bindings_utils.cpp.o
[ 51%] Building C object 3rdparty/libjpeg-turbo/CMakeFiles/libjpeg-turbo.dir/src/jdcolor.c.o
[ 51%] Building C object 3rdparty/libjpeg-turbo/CMakeFiles/libjpeg-turbo.dir/src/jddiffct.c.o
[ 51%] Building C object 3rdparty/libjpeg-turbo/CMakeFiles/libjpeg-turbo.dir/src/jdlossls.c.o
[ 51%] Building C object 3rdparty/libjpeg-turbo/CMakeFiles/libjpeg-turbo.dir/src/jdmainct.c.o
[ 51%] Building C object 3rdparty/libjpeg-turbo/CMakeFiles/libjpeg-turbo.dir/src/jdpostct.c.o
[ 52%] Building C object 3rdparty/libjpeg-turbo/CMakeFiles/libjpeg-turbo.dir/src/jdsample.c.o
[ 52%] Building CXX object modules/core/CMakeFiles/opencv_core.dir/src/buffer_area.cpp.o
[ 52%] Building C object 3rdparty/libjpeg-turbo/CMakeFiles/libjpeg-turbo.dir/src/jutils.c.o
[ 52%] Building C object 3rdparty/libjpeg-turbo/CMakeFiles/libjpeg-turbo.dir/src/jccoefct.c.o
[ 52%] Building C object 3rdparty/libjpeg-turbo/CMakeFiles/libjpeg-turbo.dir/src/jcdctmgr.c.o
[ 52%] Building C object 3rdparty/libjpeg-turbo/CMakeFiles/libjpeg-turbo.dir/src/jdcoefct.c.o
[ 52%] Building C object 3rdparty/libjpeg-turbo/CMakeFiles/libjpeg-turbo.dir/src/jddctmgr.c.o
[ 52%] Building C object 3rdparty/libjpeg-turbo/CMakeFiles/libjpeg-turbo.dir/src/jdmerge.c.o
[ 52%] Building CXX object modules/core/CMakeFiles/opencv_core.dir/src/channels.cpp.o
[ 52%] Building CXX object modules/core/CMakeFiles/opencv_core.dir/src/check.cpp.o
[ 53%] Building C object 3rdparty/libjpeg-turbo/CMakeFiles/libjpeg-turbo.dir/src/jfdctfst.c.o
[ 53%] Building C object 3rdparty/libjpeg-turbo/CMakeFiles/libjpeg-turbo.dir/src/jfdctint.c.o
[ 53%] Building C object 3rdparty/libjpeg-turbo/CMakeFiles/libjpeg-turbo.dir/src/jidctflt.c.o
[ 53%] Building C object 3rdparty/libjpeg-turbo/CMakeFiles/libjpeg-turbo.dir/src/jidctfst.c.o
[ 53%] Building C object 3rdparty/libjpeg-turbo/CMakeFiles/libjpeg-turbo.dir/src/jidctint.c.o
[ 53%] Building C object 3rdparty/libjpeg-turbo/CMakeFiles/libjpeg-turbo.dir/src/jidctred.c.o
[ 53%] Building C object 3rdparty/libjpeg-turbo/CMakeFiles/libjpeg-turbo.dir/src/jquant1.c.o
[ 54%] Building C object 3rdparty/libjpeg-turbo/CMakeFiles/libjpeg-turbo.dir/src/jquant2.c.o
[ 54%] Building C object 3rdparty/libjpeg-turbo/CMakeFiles/libjpeg-turbo.dir/src/jcapimin.c.o
[ 54%] Building C object 3rdparty/libjpeg-turbo/CMakeFiles/libjpeg-turbo.dir/src/jchuff.c.o
[ 55%] Building CXX object modules/core/CMakeFiles/opencv_core.dir/src/command_line_parser.cpp.o
[ 55%] Building CXX object modules/core/CMakeFiles/opencv_core.dir/src/conjugate_gradient.cpp.o
[ 55%] Building CXX object modules/core/CMakeFiles/opencv_core.dir/src/convert.dispatch.cpp.o
[ 55%] Building CXX object modules/core/CMakeFiles/opencv_core.dir/src/convert_scale.dispatch.cpp.o
[ 55%] Building C object 3rdparty/libjpeg-turbo/CMakeFiles/libjpeg-turbo.dir/src/jcicc.c.o
[ 55%] Building C object 3rdparty/libjpeg-turbo/CMakeFiles/libjpeg-turbo.dir/src/jcinit.c.o
[ 55%] Building C object 3rdparty/libjpeg-turbo/CMakeFiles/libjpeg-turbo.dir/src/jclhuff.c.o
[ 56%] Building C object 3rdparty/libjpeg-turbo/CMakeFiles/libjpeg-turbo.dir/src/jcmarker.c.o
[ 56%] Building C object 3rdparty/libjpeg-turbo/CMakeFiles/libjpeg-turbo.dir/src/jcmaster.c.o
[ 56%] Building C object 3rdparty/libjpeg-turbo/CMakeFiles/libjpeg-turbo.dir/src/jcomapi.c.o
[ 56%] Building C object 3rdparty/libjpeg-turbo/CMakeFiles/libjpeg-turbo.dir/src/jcparam.c.o
[ 56%] Building C object 3rdparty/libjpeg-turbo/CMakeFiles/libjpeg-turbo.dir/src/jcphuff.c.o
[ 56%] Building C object 3rdparty/libjpeg-turbo/CMakeFiles/libjpeg-turbo.dir/src/jctrans.c.o
[ 56%] Building C object 3rdparty/libjpeg-turbo/CMakeFiles/libjpeg-turbo.dir/src/jdapimin.c.o
[ 57%] Building C object 3rdparty/libjpeg-turbo/CMakeFiles/libjpeg-turbo.dir/src/jdatadst.c.o
[ 57%] Building C object 3rdparty/libjpeg-turbo/CMakeFiles/libjpeg-turbo.dir/src/jdatasrc.c.o
[ 57%] Building C object 3rdparty/libjpeg-turbo/CMakeFiles/libjpeg-turbo.dir/src/jdhuff.c.o
[ 57%] Building C object 3rdparty/libjpeg-turbo/CMakeFiles/libjpeg-turbo.dir/src/jdicc.c.o
[ 57%] Building C object 3rdparty/libjpeg-turbo/CMakeFiles/libjpeg-turbo.dir/src/jdinput.c.o
[ 57%] Building C object 3rdparty/libjpeg-turbo/CMakeFiles/libjpeg-turbo.dir/src/jdlhuff.c.o
[ 58%] Building C object 3rdparty/libjpeg-turbo/CMakeFiles/libjpeg-turbo.dir/src/jdmarker.c.o
[ 58%] Building C object 3rdparty/libjpeg-turbo/CMakeFiles/libjpeg-turbo.dir/src/jdmaster.c.o
[ 58%] Building C object 3rdparty/libjpeg-turbo/CMakeFiles/libjpeg-turbo.dir/src/jdphuff.c.o
[ 58%] Building C object 3rdparty/libjpeg-turbo/CMakeFiles/libjpeg-turbo.dir/src/jdtrans.c.o
[ 58%] Building C object 3rdparty/libjpeg-turbo/CMakeFiles/libjpeg-turbo.dir/src/jerror.c.o
[ 58%] Building C object 3rdparty/libjpeg-turbo/CMakeFiles/libjpeg-turbo.dir/src/jfdctflt.c.o
[ 58%] Building C object 3rdparty/libjpeg-turbo/CMakeFiles/libjpeg-turbo.dir/src/jmemmgr.c.o
[ 58%] Building CXX object modules/core/CMakeFiles/opencv_core.dir/src/copy.cpp.o
[ 59%] Building C object 3rdparty/libjpeg-turbo/CMakeFiles/libjpeg-turbo.dir/src/jmemnobs.c.o
[ 59%] Building C object 3rdparty/libjpeg-turbo/CMakeFiles/libjpeg-turbo.dir/src/jpeg_nbits.c.o
[ 59%] Building C object 3rdparty/libjpeg-turbo/CMakeFiles/libjpeg-turbo.dir/src/jaricom.c.o
[ 59%] Building C object 3rdparty/libjpeg-turbo/CMakeFiles/libjpeg-turbo.dir/src/jcarith.c.o
[ 59%] Building C object 3rdparty/libjpeg-turbo/CMakeFiles/libjpeg-turbo.dir/src/jdarith.c.o
[ 59%] Linking C static library ../lib/liblibjpeg-turbo.a
[ 59%] Built target libjpeg-turbo
[ 59%] Building CXX object modules/core/CMakeFiles/opencv_core.dir/src/count_non_zero.dispatch.cpp.o
[ 60%] Building CXX object modules/core/CMakeFiles/opencv_core.dir/src/cuda_gpu_mat.cpp.o
[ 60%] Building CXX object modules/core/CMakeFiles/opencv_core.dir/src/cuda_gpu_mat_nd.cpp.o
[ 60%] Building CXX object modules/core/CMakeFiles/opencv_core.dir/src/cuda_host_mem.cpp.o
[ 60%] Building CXX object modules/core/CMakeFiles/opencv_core.dir/src/cuda_info.cpp.o
[ 60%] Building CXX object modules/core/CMakeFiles/opencv_core.dir/src/cuda_stream.cpp.o
[ 60%] Building CXX object modules/core/CMakeFiles/opencv_core.dir/src/directx.cpp.o
[ 60%] Building CXX object modules/core/CMakeFiles/opencv_core.dir/src/downhill_simplex.cpp.o
[ 61%] Building CXX object modules/core/CMakeFiles/opencv_core.dir/src/dxt.cpp.o
[ 61%] Building CXX object modules/core/CMakeFiles/opencv_core.dir/src/gl_core_3_1.cpp.o
[ 61%] Building CXX object modules/core/CMakeFiles/opencv_core.dir/src/glob.cpp.o
[ 61%] Building CXX object modules/core/CMakeFiles/opencv_core.dir/src/hal_internal.cpp.o
[ 61%] Building CXX object modules/core/CMakeFiles/opencv_core.dir/src/has_non_zero.dispatch.cpp.o
[ 61%] Building CXX object modules/core/CMakeFiles/opencv_core.dir/src/kmeans.cpp.o
[ 62%] Building CXX object modules/core/CMakeFiles/opencv_core.dir/src/lapack.cpp.o
[ 62%] Building CXX object modules/core/CMakeFiles/opencv_core.dir/src/lda.cpp.o
[ 62%] Building CXX object modules/core/CMakeFiles/opencv_core.dir/src/logger.cpp.o
[ 62%] Building CXX object modules/core/CMakeFiles/opencv_core.dir/src/lpsolver.cpp.o
[ 62%] Building CXX object modules/core/CMakeFiles/opencv_core.dir/src/lut.cpp.o
[ 62%] Building CXX object modules/core/CMakeFiles/opencv_core.dir/src/mathfuncs.cpp.o
[ 62%] Building CXX object modules/core/CMakeFiles/opencv_core.dir/src/mathfuncs_core.dispatch.cpp.o
[ 63%] Building CXX object modules/core/CMakeFiles/opencv_core.dir/src/matmul.dispatch.cpp.o
[ 63%] Building CXX object modules/core/CMakeFiles/opencv_core.dir/src/matrix.cpp.o
[ 63%] Building CXX object modules/core/CMakeFiles/opencv_core.dir/src/matrix_decomp.cpp.o
[ 63%] Building CXX object modules/core/CMakeFiles/opencv_core.dir/src/matrix_expressions.cpp.o
[ 63%] Building CXX object modules/core/CMakeFiles/opencv_core.dir/src/matrix_iterator.cpp.o
[ 63%] Building CXX object modules/core/CMakeFiles/opencv_core.dir/src/matrix_operations.cpp.o
[ 63%] Building CXX object modules/core/CMakeFiles/opencv_core.dir/src/matrix_sparse.cpp.o
[ 64%] Building CXX object modules/core/CMakeFiles/opencv_core.dir/src/matrix_transform.cpp.o
[ 64%] Building CXX object modules/core/CMakeFiles/opencv_core.dir/src/matrix_wrap.cpp.o
[ 64%] Building CXX object modules/core/CMakeFiles/opencv_core.dir/src/mean.dispatch.cpp.o
[ 64%] Building CXX object modules/core/CMakeFiles/opencv_core.dir/src/merge.dispatch.cpp.o
[ 64%] Building CXX object modules/core/CMakeFiles/opencv_core.dir/src/minmax.dispatch.cpp.o
[ 64%] Building CXX object modules/core/CMakeFiles/opencv_core.dir/src/nan_mask.dispatch.cpp.o
[ 65%] Building CXX object modules/core/CMakeFiles/opencv_core.dir/src/norm.dispatch.cpp.o
[ 65%] Building CXX object modules/core/CMakeFiles/opencv_core.dir/src/ocl.cpp.o
[ 65%] Building CXX object modules/core/CMakeFiles/opencv_core.dir/src/opencl/runtime/opencl_clblas.cpp.o
[ 65%] Building CXX object modules/core/CMakeFiles/opencv_core.dir/src/opencl/runtime/opencl_clfft.cpp.o
[ 65%] Building CXX object modules/core/CMakeFiles/opencv_core.dir/src/opencl/runtime/opencl_core.cpp.o
[ 65%] Building CXX object modules/core/CMakeFiles/opencv_core.dir/src/opengl.cpp.o
[ 65%] Building CXX object modules/core/CMakeFiles/opencv_core.dir/src/out.cpp.o
[ 67%] Building CXX object modules/core/CMakeFiles/opencv_core.dir/src/parallel.cpp.o
[ 67%] Building CXX object modules/core/CMakeFiles/opencv_core.dir/src/parallel/parallel.cpp.o
[ 67%] Building CXX object modules/core/CMakeFiles/opencv_core.dir/src/parallel/parallel_openmp.cpp.o
[ 67%] Building CXX object modules/core/CMakeFiles/opencv_core.dir/src/parallel/parallel_tbb.cpp.o
[ 67%] Building CXX object modules/core/CMakeFiles/opencv_core.dir/src/parallel_impl.cpp.o
[ 67%] Building CXX object modules/core/CMakeFiles/opencv_core.dir/src/pca.cpp.o
[ 68%] Building CXX object modules/core/CMakeFiles/opencv_core.dir/src/persistence.cpp.o
[ 68%] Building CXX object modules/core/CMakeFiles/opencv_core.dir/src/persistence_base64_encoding.cpp.o
[ 68%] Building CXX object modules/core/CMakeFiles/opencv_core.dir/src/persistence_json.cpp.o
[ 68%] Building CXX object modules/core/CMakeFiles/opencv_core.dir/src/persistence_types.cpp.o
[ 68%] Building CXX object modules/core/CMakeFiles/opencv_core.dir/src/persistence_xml.cpp.o
[ 68%] Building CXX object modules/core/CMakeFiles/opencv_core.dir/src/persistence_yml.cpp.o
[ 68%] Building CXX object modules/core/CMakeFiles/opencv_core.dir/src/rand.cpp.o
[ 69%] Building CXX object modules/core/CMakeFiles/opencv_core.dir/src/reduce.dispatch.cpp.o
[ 69%] Building CXX object modules/core/CMakeFiles/opencv_core.dir/src/softfloat.cpp.o
[ 69%] Building CXX object modules/core/CMakeFiles/opencv_core.dir/src/split.dispatch.cpp.o
[ 69%] Building CXX object modules/core/CMakeFiles/opencv_core.dir/src/stat.dispatch.cpp.o
[ 69%] Building CXX object modules/core/CMakeFiles/opencv_core.dir/src/stl.cpp.o
[ 69%] Building CXX object modules/core/CMakeFiles/opencv_core.dir/src/sum.dispatch.cpp.o
[ 69%] Building CXX object modules/core/CMakeFiles/opencv_core.dir/src/system.cpp.o
[ 70%] Building CXX object modules/core/CMakeFiles/opencv_core.dir/src/tables.cpp.o
[ 70%] Building CXX object modules/core/CMakeFiles/opencv_core.dir/src/trace.cpp.o
[ 70%] Building CXX object modules/core/CMakeFiles/opencv_core.dir/src/types.cpp.o
[ 70%] Building CXX object modules/core/CMakeFiles/opencv_core.dir/src/umatrix.cpp.o
[ 70%] Building CXX object modules/core/CMakeFiles/opencv_core.dir/src/utils/datafile.cpp.o
[ 70%] Building CXX object modules/core/CMakeFiles/opencv_core.dir/src/utils/filesystem.cpp.o
[ 71%] Building CXX object modules/core/CMakeFiles/opencv_core.dir/src/utils/logtagconfigparser.cpp.o
[ 71%] Building CXX object modules/core/CMakeFiles/opencv_core.dir/src/utils/logtagmanager.cpp.o
[ 71%] Building CXX object modules/core/CMakeFiles/opencv_core.dir/src/utils/samples.cpp.o
[ 71%] Building CXX object modules/core/CMakeFiles/opencv_core.dir/src/va_intel.cpp.o
[ 71%] Building CXX object modules/core/CMakeFiles/opencv_core.dir/opencl_kernels_core.cpp.o
[ 71%] Linking CXX shared library ../../lib/libopencv_core.so
[ 71%] Built target opencv_core
[ 71%] Building CXX object modules/flann/CMakeFiles/opencv_flann.dir/src/flann.cpp.o
[ 71%] Building CXX object modules/flann/CMakeFiles/opencv_flann.dir/src/miniflann.cpp.o
[ 71%] Linking CXX shared library ../../lib/libopencv_flann.so
[ 71%] Built target opencv_flann
[ 71%] Processing OpenCL kernels (geometry)
[ 72%] Building CXX object modules/geometry/CMakeFiles/opencv_geometry.dir/src/approx.cpp.o
[ 72%] Building CXX object modules/geometry/CMakeFiles/opencv_geometry.dir/src/ap3p.cpp.o
[ 72%] Building CXX object modules/geometry/CMakeFiles/opencv_geometry.dir/src/calibration_base.cpp.o
[ 72%] Building CXX object modules/geometry/CMakeFiles/opencv_geometry.dir/src/convhull.cpp.o
[ 72%] Building CXX object modules/geometry/CMakeFiles/opencv_geometry.dir/src/epnp.cpp.o
[ 72%] Building CXX object modules/geometry/CMakeFiles/opencv_geometry.dir/src/fisheye.cpp.o
[ 72%] Building CXX object modules/geometry/CMakeFiles/opencv_geometry.dir/src/five-point.cpp.o
[ 73%] Building CXX object modules/geometry/CMakeFiles/opencv_geometry.dir/src/fundam.cpp.o
[ 73%] Building CXX object modules/geometry/CMakeFiles/opencv_geometry.dir/src/geometry.cpp.o
[ 73%] Building CXX object modules/geometry/CMakeFiles/opencv_geometry.dir/src/homography_decomp.cpp.o
[ 73%] Building CXX object modules/geometry/CMakeFiles/opencv_geometry.dir/src/intersection.cpp.o
[ 73%] Building CXX object modules/geometry/CMakeFiles/opencv_geometry.dir/src/ippe.cpp.o
[ 73%] Building CXX object modules/geometry/CMakeFiles/opencv_geometry.dir/src/levmarq.cpp.o
[ 74%] Building CXX object modules/geometry/CMakeFiles/opencv_geometry.dir/src/linefit.cpp.o
[ 74%] Building CXX object modules/geometry/CMakeFiles/opencv_geometry.dir/src/main.cpp.o
[ 74%] Building CXX object modules/geometry/CMakeFiles/opencv_geometry.dir/src/matchcontours.cpp.o
[ 74%] Building CXX object modules/geometry/CMakeFiles/opencv_geometry.dir/src/min_enclosing_convex_polygon.cpp.o
[ 74%] Building CXX object modules/geometry/CMakeFiles/opencv_geometry.dir/src/min_enclosing_triangle.cpp.o
[ 74%] Building CXX object modules/geometry/CMakeFiles/opencv_geometry.dir/src/moments.cpp.o
[ 74%] Building CXX object modules/geometry/CMakeFiles/opencv_geometry.dir/src/mst.cpp.o
[ 75%] Building CXX object modules/geometry/CMakeFiles/opencv_geometry.dir/src/p3p.cpp.o
[ 75%] Building CXX object modules/geometry/CMakeFiles/opencv_geometry.dir/src/pinhole.cpp.o
[ 75%] Building CXX object modules/geometry/CMakeFiles/opencv_geometry.dir/src/polynom_solver.cpp.o
[ 75%] Building CXX object modules/geometry/CMakeFiles/opencv_geometry.dir/src/ptcloud/normal_estimation.cpp.o
[ 75%] Building CXX object modules/geometry/CMakeFiles/opencv_geometry.dir/src/ptcloud/ptcloud_utils.cpp.o
[ 75%] Building CXX object modules/geometry/CMakeFiles/opencv_geometry.dir/src/ptcloud/region_growing_3d.cpp.o
[ 75%] Building CXX object modules/geometry/CMakeFiles/opencv_geometry.dir/src/ptcloud/sac_segmentation.cpp.o
[ 76%] Building CXX object modules/geometry/CMakeFiles/opencv_geometry.dir/src/ptcloud/sampling.cpp.o
[ 76%] Building CXX object modules/geometry/CMakeFiles/opencv_geometry.dir/src/ptsetreg.cpp.o
[ 76%] Building CXX object modules/geometry/CMakeFiles/opencv_geometry.dir/src/rho.cpp.o
[ 76%] Building CXX object modules/geometry/CMakeFiles/opencv_geometry.dir/src/rotcalipers.cpp.o
[ 76%] Building CXX object modules/geometry/CMakeFiles/opencv_geometry.dir/src/shapedescr.cpp.o
[ 76%] Building CXX object modules/geometry/CMakeFiles/opencv_geometry.dir/src/solvepnp.cpp.o
[ 77%] Building CXX object modules/geometry/CMakeFiles/opencv_geometry.dir/src/sqpnp.cpp.o
[ 77%] Building CXX object modules/geometry/CMakeFiles/opencv_geometry.dir/src/subdivision2d.cpp.o
[ 77%] Building CXX object modules/geometry/CMakeFiles/opencv_geometry.dir/src/triangulate.cpp.o
[ 77%] Building CXX object modules/geometry/CMakeFiles/opencv_geometry.dir/src/usac/bundle.cpp.o
[ 77%] Building CXX object modules/geometry/CMakeFiles/opencv_geometry.dir/src/usac/degeneracy.cpp.o
[ 77%] Building CXX object modules/geometry/CMakeFiles/opencv_geometry.dir/src/usac/dls_solver.cpp.o
[ 77%] Building CXX object modules/geometry/CMakeFiles/opencv_geometry.dir/src/usac/essential_solver.cpp.o
[ 78%] Building CXX object modules/geometry/CMakeFiles/opencv_geometry.dir/src/usac/estimator.cpp.o
[ 78%] Building CXX object modules/geometry/CMakeFiles/opencv_geometry.dir/src/usac/fundamental_solver.cpp.o
[ 78%] Building CXX object modules/geometry/CMakeFiles/opencv_geometry.dir/src/usac/gamma_values.cpp.o
[ 78%] Building CXX object modules/geometry/CMakeFiles/opencv_geometry.dir/src/usac/homography_solver.cpp.o
[ 78%] Building CXX object modules/geometry/CMakeFiles/opencv_geometry.dir/src/usac/local_optimization.cpp.o
[ 78%] Building CXX object modules/geometry/CMakeFiles/opencv_geometry.dir/src/usac/plane_solver.cpp.o
[ 79%] Building CXX object modules/geometry/CMakeFiles/opencv_geometry.dir/src/usac/pnp_solver.cpp.o
[ 79%] Building CXX object modules/geometry/CMakeFiles/opencv_geometry.dir/src/usac/quality.cpp.o
[ 79%] Building CXX object modules/geometry/CMakeFiles/opencv_geometry.dir/src/usac/ransac_solvers.cpp.o
[ 79%] Building CXX object modules/geometry/CMakeFiles/opencv_geometry.dir/src/usac/sampler.cpp.o
[ 79%] Building CXX object modules/geometry/CMakeFiles/opencv_geometry.dir/src/usac/sphere_solver.cpp.o
[ 79%] Building CXX object modules/geometry/CMakeFiles/opencv_geometry.dir/src/usac/termination.cpp.o
[ 79%] Building CXX object modules/geometry/CMakeFiles/opencv_geometry.dir/src/usac/utils.cpp.o
[ 80%] Building CXX object modules/geometry/CMakeFiles/opencv_geometry.dir/opencl_kernels_geometry.cpp.o
[ 80%] Linking CXX shared library ../../lib/libopencv_geometry.so
[ 80%] Built target opencv_geometry
[ 80%] Processing OpenCL kernels (imgproc)
[ 80%] Building CXX object modules/imgproc/CMakeFiles/opencv_imgproc.dir/src/accum.cpp.o
[ 80%] Building CXX object modules/imgproc/CMakeFiles/opencv_imgproc.dir/src/accum.dispatch.cpp.o
[ 80%] Building CXX object modules/imgproc/CMakeFiles/opencv_imgproc.dir/src/bilateral_filter.dispatch.cpp.o
[ 80%] Building CXX object modules/imgproc/CMakeFiles/opencv_imgproc.dir/src/blend.cpp.o
[ 81%] Building CXX object modules/imgproc/CMakeFiles/opencv_imgproc.dir/src/box_filter.dispatch.cpp.o
[ 81%] Building CXX object modules/imgproc/CMakeFiles/opencv_imgproc.dir/src/canny.cpp.o
[ 81%] Building CXX object modules/imgproc/CMakeFiles/opencv_imgproc.dir/src/clahe.cpp.o
[ 81%] Building CXX object modules/imgproc/CMakeFiles/opencv_imgproc.dir/src/color.cpp.o
[ 81%] Building CXX object modules/imgproc/CMakeFiles/opencv_imgproc.dir/src/color_hsv.dispatch.cpp.o
[ 81%] Building CXX object modules/imgproc/CMakeFiles/opencv_imgproc.dir/src/color_lab.cpp.o
[ 81%] Building CXX object modules/imgproc/CMakeFiles/opencv_imgproc.dir/src/color_rgb.dispatch.cpp.o
[ 82%] Building CXX object modules/imgproc/CMakeFiles/opencv_imgproc.dir/src/color_yuv.dispatch.cpp.o
[ 82%] Building CXX object modules/imgproc/CMakeFiles/opencv_imgproc.dir/src/colormap.cpp.o
[ 82%] Building CXX object modules/imgproc/CMakeFiles/opencv_imgproc.dir/src/connectedcomponents.cpp.o
[ 82%] Building CXX object modules/imgproc/CMakeFiles/opencv_imgproc.dir/src/contours_approx.cpp.o
[ 82%] Building CXX object modules/imgproc/CMakeFiles/opencv_imgproc.dir/src/contours_common.cpp.o
[ 82%] Building CXX object modules/imgproc/CMakeFiles/opencv_imgproc.dir/src/contours_link.cpp.o
[ 84%] Building CXX object modules/imgproc/CMakeFiles/opencv_imgproc.dir/src/contours_new.cpp.o
[ 84%] Building CXX object modules/imgproc/CMakeFiles/opencv_imgproc.dir/src/contours_truco.cpp.o
[ 84%] Building CXX object modules/imgproc/CMakeFiles/opencv_imgproc.dir/src/corner.cpp.o
[ 84%] Building CXX object modules/imgproc/CMakeFiles/opencv_imgproc.dir/src/cornersubpix.cpp.o
[ 84%] Building CXX object modules/imgproc/CMakeFiles/opencv_imgproc.dir/src/demosaicing.cpp.o
[ 84%] Building CXX object modules/imgproc/CMakeFiles/opencv_imgproc.dir/src/deriv.cpp.o
[ 84%] Building CXX object modules/imgproc/CMakeFiles/opencv_imgproc.dir/src/distransform.cpp.o
[ 85%] Building CXX object modules/imgproc/CMakeFiles/opencv_imgproc.dir/src/drawing.cpp.o
[ 85%] Building CXX object modules/imgproc/CMakeFiles/opencv_imgproc.dir/src/drawing_text.cpp.o
[ 85%] Building CXX object modules/imgproc/CMakeFiles/opencv_imgproc.dir/src/emd_new.cpp.o
[ 85%] Building CXX object modules/imgproc/CMakeFiles/opencv_imgproc.dir/src/filter.dispatch.cpp.o
[ 85%] Building CXX object modules/imgproc/CMakeFiles/opencv_imgproc.dir/src/fisheye.cpp.o
[ 85%] Building CXX object modules/imgproc/CMakeFiles/opencv_imgproc.dir/src/floodfill.cpp.o
[ 86%] Building CXX object modules/imgproc/CMakeFiles/opencv_imgproc.dir/src/gabor.cpp.o
[ 86%] Building CXX object modules/imgproc/CMakeFiles/opencv_imgproc.dir/src/generalized_hough.cpp.o
[ 86%] Building CXX object modules/imgproc/CMakeFiles/opencv_imgproc.dir/src/grabcut.cpp.o
[ 86%] Building CXX object modules/imgproc/CMakeFiles/opencv_imgproc.dir/src/histogram.cpp.o
[ 86%] Building CXX object modules/imgproc/CMakeFiles/opencv_imgproc.dir/src/hough.cpp.o
[ 86%] Building CXX object modules/imgproc/CMakeFiles/opencv_imgproc.dir/src/imgwarp.cpp.o
[ 86%] Building CXX object modules/imgproc/CMakeFiles/opencv_imgproc.dir/src/lsd.cpp.o
[ 87%] Building CXX object modules/imgproc/CMakeFiles/opencv_imgproc.dir/src/main.cpp.o
[ 87%] Building CXX object modules/imgproc/CMakeFiles/opencv_imgproc.dir/src/median_blur.dispatch.cpp.o
[ 87%] Building CXX object modules/imgproc/CMakeFiles/opencv_imgproc.dir/src/morph.dispatch.cpp.o
[ 87%] Building CXX object modules/imgproc/CMakeFiles/opencv_imgproc.dir/src/phasecorr.cpp.o
[ 87%] Building CXX object modules/imgproc/CMakeFiles/opencv_imgproc.dir/src/phasecorr_iterative.cpp.o
[ 87%] Building CXX object modules/imgproc/CMakeFiles/opencv_imgproc.dir/src/pyramids.cpp.o
[ 87%] Building CXX object modules/imgproc/CMakeFiles/opencv_imgproc.dir/src/resize.cpp.o
[ 88%] Building CXX object modules/imgproc/CMakeFiles/opencv_imgproc.dir/src/samplers.cpp.o
[ 88%] Building CXX object modules/imgproc/CMakeFiles/opencv_imgproc.dir/src/segmentation.cpp.o
[ 88%] Building CXX object modules/imgproc/CMakeFiles/opencv_imgproc.dir/src/smooth.dispatch.cpp.o
[ 88%] Building CXX object modules/imgproc/CMakeFiles/opencv_imgproc.dir/src/spatialgradient.cpp.o
[ 88%] Building CXX object modules/imgproc/CMakeFiles/opencv_imgproc.dir/src/stackblur.cpp.o
[ 88%] Building CXX object modules/imgproc/CMakeFiles/opencv_imgproc.dir/src/stb_truetype.cpp.o
[ 89%] Building CXX object modules/imgproc/CMakeFiles/opencv_imgproc.dir/src/sumpixels.dispatch.cpp.o
[ 89%] Building CXX object modules/imgproc/CMakeFiles/opencv_imgproc.dir/src/tables.cpp.o
[ 89%] Building CXX object modules/imgproc/CMakeFiles/opencv_imgproc.dir/src/templmatch.cpp.o
[ 89%] Building CXX object modules/imgproc/CMakeFiles/opencv_imgproc.dir/src/thresh.cpp.o
[ 89%] Building CXX object modules/imgproc/CMakeFiles/opencv_imgproc.dir/src/undistort.dispatch.cpp.o
[ 89%] Building CXX object modules/imgproc/CMakeFiles/opencv_imgproc.dir/src/utils.cpp.o
[ 89%] Building CXX object modules/imgproc/CMakeFiles/opencv_imgproc.dir/opencl_kernels_imgproc.cpp.o
[ 90%] Linking CXX shared library ../../lib/libopencv_imgproc.so
[ 90%] Built target opencv_imgproc
[ 90%] Processing OpenCL kernels (features)
[ 90%] Building CXX object modules/imgcodecs/CMakeFiles/opencv_imgcodecs.dir/src/loadsave.cpp.o
[ 90%] Building CXX object modules/imgcodecs/CMakeFiles/opencv_imgcodecs.dir/src/utils.cpp.o
[ 91%] Building CXX object modules/features/CMakeFiles/opencv_features.dir/src/affine_feature.cpp.o
[ 91%] Building CXX object modules/features/CMakeFiles/opencv_features.dir/src/annoy.cpp.o
[ 91%] Building CXX object modules/features/CMakeFiles/opencv_features.dir/src/blobdetector.cpp.o
[ 91%] Building CXX object modules/imgcodecs/CMakeFiles/opencv_imgcodecs.dir/src/grfmt_avif.cpp.o
[ 91%] Building CXX object modules/imgcodecs/CMakeFiles/opencv_imgcodecs.dir/src/grfmt_base.cpp.o
[ 91%] Building CXX object modules/features/CMakeFiles/opencv_features.dir/src/disk.cpp.o
[ 91%] Building CXX object modules/features/CMakeFiles/opencv_features.dir/src/draw.cpp.o
[ 91%] Building CXX object modules/imgcodecs/CMakeFiles/opencv_imgcodecs.dir/src/grfmt_bmp.cpp.o
[ 91%] Building CXX object modules/features/CMakeFiles/opencv_features.dir/src/dynamic.cpp.o
[ 92%] Building CXX object modules/features/CMakeFiles/opencv_features.dir/src/evaluation.cpp.o
[ 93%] Building CXX object modules/imgcodecs/CMakeFiles/opencv_imgcodecs.dir/src/grfmt_exr.cpp.o
[ 93%] Building CXX object modules/features/CMakeFiles/opencv_features.dir/src/fast.cpp.o
[ 93%] Building CXX object modules/imgcodecs/CMakeFiles/opencv_imgcodecs.dir/src/grfmt_gdal.cpp.o
[ 93%] Building CXX object modules/imgcodecs/CMakeFiles/opencv_imgcodecs.dir/src/grfmt_gdcm.cpp.o
[ 93%] Building CXX object modules/features/CMakeFiles/opencv_features.dir/src/fast_score.cpp.o
[ 93%] Building CXX object modules/imgcodecs/CMakeFiles/opencv_imgcodecs.dir/src/grfmt_gif.cpp.o
[ 93%] Building CXX object modules/features/CMakeFiles/opencv_features.dir/src/feature2d.cpp.o
[ 93%] Building CXX object modules/features/CMakeFiles/opencv_features.dir/src/feature2d_aliked.cpp.o
[ 93%] Building CXX object modules/features/CMakeFiles/opencv_features.dir/src/featureselect.cpp.o
[ 93%] Building CXX object modules/features/CMakeFiles/opencv_features.dir/src/gftt.cpp.o
[ 93%] Building CXX object modules/imgcodecs/CMakeFiles/opencv_imgcodecs.dir/src/grfmt_hdr.cpp.o
[ 94%] Building CXX object modules/features/CMakeFiles/opencv_features.dir/src/keypoint.cpp.o
[ 94%] Building CXX object modules/features/CMakeFiles/opencv_features.dir/src/main.cpp.o
[ 94%] Building CXX object modules/imgcodecs/CMakeFiles/opencv_imgcodecs.dir/src/grfmt_jpeg.cpp.o
[ 95%] Building CXX object modules/imgcodecs/CMakeFiles/opencv_imgcodecs.dir/src/grfmt_jpeg2000.cpp.o
[ 95%] Building CXX object modules/features/CMakeFiles/opencv_features.dir/src/matchers.cpp.o
[ 95%] Building CXX object modules/imgcodecs/CMakeFiles/opencv_imgcodecs.dir/src/grfmt_jpeg2000_openjpeg.cpp.o
[ 95%] Building CXX object modules/imgcodecs/CMakeFiles/opencv_imgcodecs.dir/src/grfmt_jpegxl.cpp.o
[ 95%] Building CXX object modules/imgcodecs/CMakeFiles/opencv_imgcodecs.dir/src/grfmt_pam.cpp.o
[ 95%] Building CXX object modules/imgcodecs/CMakeFiles/opencv_imgcodecs.dir/src/grfmt_pfm.cpp.o
[ 95%] Building CXX object modules/imgcodecs/CMakeFiles/opencv_imgcodecs.dir/src/grfmt_png.cpp.o
[ 95%] Building CXX object modules/features/CMakeFiles/opencv_features.dir/src/matchers_lightglue.cpp.o
[ 95%] Building CXX object modules/features/CMakeFiles/opencv_features.dir/src/mser.cpp.o
[ 95%] Building CXX object modules/imgcodecs/CMakeFiles/opencv_imgcodecs.dir/src/grfmt_pxm.cpp.o
[ 96%] Building CXX object modules/imgcodecs/CMakeFiles/opencv_imgcodecs.dir/src/grfmt_spng.cpp.o
[ 96%] Building CXX object modules/imgcodecs/CMakeFiles/opencv_imgcodecs.dir/src/grfmt_sunras.cpp.o
[ 96%] Building CXX object modules/imgcodecs/CMakeFiles/opencv_imgcodecs.dir/src/grfmt_tiff.cpp.o
[ 96%] Building CXX object modules/features/CMakeFiles/opencv_features.dir/src/orb.cpp.o
[ 96%] Building CXX object modules/imgcodecs/CMakeFiles/opencv_imgcodecs.dir/src/grfmt_webp.cpp.o
[ 96%] Building CXX object modules/imgcodecs/CMakeFiles/opencv_imgcodecs.dir/src/bitstrm.cpp.o
[ 96%] Building CXX object modules/features/CMakeFiles/opencv_features.dir/src/sift.dispatch.cpp.o
[ 96%] Building CXX object modules/imgcodecs/CMakeFiles/opencv_imgcodecs.dir/src/rgbe.cpp.o
[ 97%] Building CXX object modules/features/CMakeFiles/opencv_features.dir/opencl_kernels_features.cpp.o
[ 98%] Building CXX object modules/imgcodecs/CMakeFiles/opencv_imgcodecs.dir/src/exif.cpp.o
[ 98%] Linking CXX shared library ../../lib/libopencv_imgcodecs.so
[ 98%] Built target opencv_imgcodecs
[ 98%] Linking CXX shared library ../../lib/libopencv_features.so
[ 98%] Built target opencv_features
[ 98%] Building CXX object modules/python3/CMakeFiles/opencv_python3.dir/__/src2/cv2.cpp.o
[ 98%] Building CXX object modules/python3/CMakeFiles/opencv_python3.dir/__/src2/cv2_util.cpp.o
[ 98%] Building CXX object modules/python3/CMakeFiles/opencv_python3.dir/__/src2/cv2_numpy.cpp.o
[ 98%] Building CXX object modules/python3/CMakeFiles/opencv_python3.dir/__/src2/cv2_convert.cpp.o
[ 98%] Building CXX object modules/python3/CMakeFiles/opencv_python3.dir/__/src2/cv2_highgui.cpp.o
[100%] Linking CXX shared module ../../lib/python3/cv2.cpython-312-x86_64-linux-gnu.so
[100%] Built target opencv_python3
