-- The CXX compiler identification is GNU 13.3.0
-- The C compiler identification is GNU 13.3.0
-- Detecting CXX compiler ABI info
-- Detecting CXX compiler ABI info - done
-- Check for working CXX compiler: /usr/bin/c++ - skipped
-- Detecting CXX compile features
-- Detecting CXX compile features - done
-- Detecting C compiler ABI info
-- Detecting C compiler ABI info - done
-- Check for working C compiler: /usr/bin/cc - skipped
-- Detecting C compile features
-- Detecting C compile features - done
-- Looking for a ASM compiler
-- Looking for a ASM compiler - /usr/bin/cc
-- The ASM compiler identification is GNU
-- Found assembler: /usr/bin/cc
-- Detected processor: x86_64
-- Found PythonInterp: /tmp/countback-venv/bin/python (found suitable version "3.12.3", minimum required is "3.2")
-- Found PythonLibs: /usr/lib/x86_64-linux-gnu/libpython3.12.so (found suitable exact version "3.12.3")
-- Looking for ccache - not found
-- Performing Test HAVE_CXX_FSIGNED_CHAR
-- Performing Test HAVE_CXX_FSIGNED_CHAR - Success
-- Performing Test HAVE_C_FSIGNED_CHAR
-- Performing Test HAVE_C_FSIGNED_CHAR - Success
-- Performing Test HAVE_CXX_W
-- Performing Test HAVE_CXX_W - Success
-- Performing Test HAVE_C_W
-- Performing Test HAVE_C_W - Success
-- Performing Test HAVE_CXX_WALL
-- Performing Test HAVE_CXX_WALL - Success
-- Performing Test HAVE_C_WALL
-- Performing Test HAVE_C_WALL - Success
-- Performing Test HAVE_CXX_WRETURN_TYPE
-- Performing Test HAVE_CXX_WRETURN_TYPE - Success
-- Performing Test HAVE_C_WRETURN_TYPE
-- Performing Test HAVE_C_WRETURN_TYPE - Success
-- Performing Test HAVE_CXX_WNON_VIRTUAL_DTOR
-- Performing Test HAVE_CXX_WNON_VIRTUAL_DTOR - Success
-- Performing Test HAVE_C_WNON_VIRTUAL_DTOR
-- Performing Test HAVE_C_WNON_VIRTUAL_DTOR - Failed
-- Performing Test HAVE_CXX_WADDRESS
-- Performing Test HAVE_CXX_WADDRESS - Success
-- Performing Test HAVE_C_WADDRESS
-- Performing Test HAVE_C_WADDRESS - Success
-- Performing Test HAVE_CXX_WSEQUENCE_POINT
-- Performing Test HAVE_CXX_WSEQUENCE_POINT - Success
-- Performing Test HAVE_C_WSEQUENCE_POINT
-- Performing Test HAVE_C_WSEQUENCE_POINT - Success
-- Performing Test HAVE_CXX_WFORMAT
-- Performing Test HAVE_CXX_WFORMAT - Success
-- Performing Test HAVE_C_WFORMAT
-- Performing Test HAVE_C_WFORMAT - Success
-- Performing Test HAVE_CXX_WFORMAT_SECURITY
-- Performing Test HAVE_CXX_WFORMAT_SECURITY - Success
-- Performing Test HAVE_C_WFORMAT_SECURITY
-- Performing Test HAVE_C_WFORMAT_SECURITY - Success
-- Performing Test HAVE_CXX_WMISSING_DECLARATIONS
-- Performing Test HAVE_CXX_WMISSING_DECLARATIONS - Success
-- Performing Test HAVE_C_WMISSING_DECLARATIONS
-- Performing Test HAVE_C_WMISSING_DECLARATIONS - Success
-- Performing Test HAVE_CXX_WMISSING_PROTOTYPES
-- Performing Test HAVE_CXX_WMISSING_PROTOTYPES - Failed
-- Performing Test HAVE_C_WMISSING_PROTOTYPES
-- Performing Test HAVE_C_WMISSING_PROTOTYPES - Success
-- Performing Test HAVE_CXX_WSTRICT_PROTOTYPES
-- Performing Test HAVE_CXX_WSTRICT_PROTOTYPES - Failed
-- Performing Test HAVE_C_WSTRICT_PROTOTYPES
-- Performing Test HAVE_C_WSTRICT_PROTOTYPES - Success
-- Performing Test HAVE_CXX_WUNDEF
-- Performing Test HAVE_CXX_WUNDEF - Success
-- Performing Test HAVE_C_WUNDEF
-- Performing Test HAVE_C_WUNDEF - Success
-- Performing Test HAVE_CXX_WINIT_SELF
-- Performing Test HAVE_CXX_WINIT_SELF - Success
-- Performing Test HAVE_C_WINIT_SELF
-- Performing Test HAVE_C_WINIT_SELF - Success
-- Performing Test HAVE_CXX_WPOINTER_ARITH
-- Performing Test HAVE_CXX_WPOINTER_ARITH - Success
-- Performing Test HAVE_C_WPOINTER_ARITH
-- Performing Test HAVE_C_WPOINTER_ARITH - Success
-- Performing Test HAVE_CXX_WSHADOW
-- Performing Test HAVE_CXX_WSHADOW - Success
-- Performing Test HAVE_C_WSHADOW
-- Performing Test HAVE_C_WSHADOW - Success
-- Performing Test HAVE_CXX_WSIGN_PROMO
-- Performing Test HAVE_CXX_WSIGN_PROMO - Success
-- Performing Test HAVE_C_WSIGN_PROMO
-- Performing Test HAVE_C_WSIGN_PROMO - Failed
-- Performing Test HAVE_CXX_WUNINITIALIZED
-- Performing Test HAVE_CXX_WUNINITIALIZED - Success
-- Performing Test HAVE_C_WUNINITIALIZED
-- Performing Test HAVE_C_WUNINITIALIZED - Success
-- Performing Test HAVE_CXX_WSUGGEST_OVERRIDE
-- Performing Test HAVE_CXX_WSUGGEST_OVERRIDE - Success
-- Performing Test HAVE_C_WSUGGEST_OVERRIDE
-- Performing Test HAVE_C_WSUGGEST_OVERRIDE - Failed
-- Performing Test HAVE_CXX_WNO_DELETE_NON_VIRTUAL_DTOR
-- Performing Test HAVE_CXX_WNO_DELETE_NON_VIRTUAL_DTOR - Success
-- Performing Test HAVE_C_WNO_DELETE_NON_VIRTUAL_DTOR
-- Performing Test HAVE_C_WNO_DELETE_NON_VIRTUAL_DTOR - Failed
-- Performing Test HAVE_CXX_WNO_UNNAMED_TYPE_TEMPLATE_ARGS
-- Performing Test HAVE_CXX_WNO_UNNAMED_TYPE_TEMPLATE_ARGS - Failed
-- Performing Test HAVE_C_WNO_UNNAMED_TYPE_TEMPLATE_ARGS
-- Performing Test HAVE_C_WNO_UNNAMED_TYPE_TEMPLATE_ARGS - Failed
-- Performing Test HAVE_CXX_WNO_COMMENT
-- Performing Test HAVE_CXX_WNO_COMMENT - Success
-- Performing Test HAVE_C_WNO_COMMENT
-- Performing Test HAVE_C_WNO_COMMENT - Success
-- Performing Test HAVE_CXX_WIMPLICIT_FALLTHROUGH_3
-- Performing Test HAVE_CXX_WIMPLICIT_FALLTHROUGH_3 - Success
-- Performing Test HAVE_C_WIMPLICIT_FALLTHROUGH_3
-- Performing Test HAVE_C_WIMPLICIT_FALLTHROUGH_3 - Success
-- Performing Test HAVE_CXX_WNO_STRICT_OVERFLOW
-- Performing Test HAVE_CXX_WNO_STRICT_OVERFLOW - Success
-- Performing Test HAVE_C_WNO_STRICT_OVERFLOW
-- Performing Test HAVE_C_WNO_STRICT_OVERFLOW - Success
-- Performing Test HAVE_CXX_FDIAGNOSTICS_SHOW_OPTION
-- Performing Test HAVE_CXX_FDIAGNOSTICS_SHOW_OPTION - Success
-- Performing Test HAVE_C_FDIAGNOSTICS_SHOW_OPTION
-- Performing Test HAVE_C_FDIAGNOSTICS_SHOW_OPTION - Success
-- Performing Test HAVE_CXX_PTHREAD
-- Performing Test HAVE_CXX_PTHREAD - Success
-- Performing Test HAVE_C_PTHREAD
-- Performing Test HAVE_C_PTHREAD - Success
-- Performing Test HAVE_CXX_FOMIT_FRAME_POINTER
-- Performing Test HAVE_CXX_FOMIT_FRAME_POINTER - Success
-- Performing Test HAVE_C_FOMIT_FRAME_POINTER
-- Performing Test HAVE_C_FOMIT_FRAME_POINTER - Success
-- Performing Test HAVE_CXX_FFUNCTION_SECTIONS
-- Performing Test HAVE_CXX_FFUNCTION_SECTIONS - Success
-- Performing Test HAVE_C_FFUNCTION_SECTIONS
-- Performing Test HAVE_C_FFUNCTION_SECTIONS - Success
-- Performing Test HAVE_CXX_FDATA_SECTIONS
-- Performing Test HAVE_CXX_FDATA_SECTIONS - Success
-- Performing Test HAVE_C_FDATA_SECTIONS
-- Performing Test HAVE_C_FDATA_SECTIONS - Success
-- Performing Test HAVE_CPU_SSE_SUPPORT (check file: cmake/checks/cpu_sse.cpp)
-- Performing Test HAVE_CPU_SSE_SUPPORT - Success
-- Performing Test HAVE_CPU_SSE2_SUPPORT (check file: cmake/checks/cpu_sse2.cpp)
-- Performing Test HAVE_CPU_SSE2_SUPPORT - Success
-- Performing Test HAVE_CPU_SSE3_SUPPORT (check file: cmake/checks/cpu_sse3.cpp)
-- Performing Test HAVE_CPU_SSE3_SUPPORT - Failed
-- Performing Test HAVE_CXX_MSSE3 (check file: cmake/checks/cpu_sse3.cpp)
-- Performing Test HAVE_CXX_MSSE3 - Success
-- Performing Test HAVE_CPU_BASELINE_FLAGS
-- Performing Test HAVE_CPU_BASELINE_FLAGS - Success
-- Performing Test HAVE_CXX_FVISIBILITY_HIDDEN
-- Performing Test HAVE_CXX_FVISIBILITY_HIDDEN - Success
-- Performing Test HAVE_C_FVISIBILITY_HIDDEN
-- Performing Test HAVE_C_FVISIBILITY_HIDDEN - Success
-- Performing Test HAVE_CXX_FVISIBILITY_INLINES_HIDDEN
-- Performing Test HAVE_CXX_FVISIBILITY_INLINES_HIDDEN - Success
-- Performing Test HAVE_C_FVISIBILITY_INLINES_HIDDEN
-- Performing Test HAVE_C_FVISIBILITY_INLINES_HIDDEN - Failed
-- Performing Test HAVE_LINK_AS_NEEDED
-- Performing Test HAVE_LINK_AS_NEEDED - Success
-- Performing Test HAVE_LINK_NO_UNDEFINED
-- Performing Test HAVE_LINK_NO_UNDEFINED - Success
-- Looking for pthread.h
-- Looking for pthread.h - found
-- Looking for posix_memalign
-- Looking for posix_memalign - found
-- Looking for malloc.h
-- Looking for malloc.h - found
-- Looking for memalign
-- Looking for memalign - found
-- Looking for getauxval
-- Looking for getauxval - found
-- Looking for elf_aux_info
-- Looking for elf_aux_info - not found
-- Found ZLIB: /usr/lib/x86_64-linux-gnu/libz.so (found suitable version "1.3", minimum required is "1.2.3")
-- Could NOT find AVIF (missing: AVIF_LIBRARY AVIF_INCLUDE_DIR) 
-- Could NOT find JPEG (missing: JPEG_LIBRARY JPEG_INCLUDE_DIR) 
-- Performing Test HAVE_C_WNO_UNUSED_PARAMETER
-- Performing Test HAVE_C_WNO_UNUSED_PARAMETER - Success
-- Performing Test HAVE_C_WNO_SIGN_COMPARE
-- Performing Test HAVE_C_WNO_SIGN_COMPARE - Success
-- Performing Test HAVE_C_WNO_SHORTEN_64_TO_32
-- Performing Test HAVE_C_WNO_SHORTEN_64_TO_32 - Failed
-- Performing Test HAVE_C_WNO_IMPLICIT_FALLTHROUGH
-- Performing Test HAVE_C_WNO_IMPLICIT_FALLTHROUGH - Success
-- Performing Test HAVE_C_WNO_STRINGOP_OVERFLOW
-- Performing Test HAVE_C_WNO_STRINGOP_OVERFLOW - Success
-- libjpeg-turbo: VERSION = 3.1.2, BUILD = opencv-5.0.0-libjpeg-turbo
-- Looking for sys/types.h
-- Looking for sys/types.h - found
-- Looking for stdint.h
-- Looking for stdint.h - found
-- Looking for stddef.h
-- Looking for stddef.h - found
-- Check size of size_t
-- Check size of size_t - done
-- Check size of unsigned long
-- Check size of unsigned long - done
-- Looking for include file locale.h
-- Looking for include file locale.h - found
-- Looking for include file stdlib.h
-- Looking for include file stdlib.h - found
-- Looking for include file sys/types.h
-- Looking for include file sys/types.h - found
-- Looking for a ASM_NASM compiler
-- Looking for a ASM_NASM compiler - NOTFOUND
-- SIMD extensions disabled: could not find NASM compiler.  Performance will suffer.
-- Could NOT find TIFF (missing: TIFF_LIBRARY TIFF_INCLUDE_DIR) 
-- Looking for assert.h
-- Looking for assert.h - found
-- Looking for dlfcn.h
-- Looking for dlfcn.h - found
-- Looking for fcntl.h
-- Looking for fcntl.h - found
-- Looking for inttypes.h
-- Looking for inttypes.h - found
-- Looking for io.h
-- Looking for io.h - not found
-- Looking for limits.h
-- Looking for limits.h - found
-- Looking for memory.h
-- Looking for memory.h - found
-- Looking for search.h
-- Looking for search.h - found
-- Looking for string.h
-- Looking for string.h - found
-- Looking for strings.h
-- Looking for strings.h - found
-- Looking for sys/time.h
-- Looking for sys/time.h - found
-- Looking for unistd.h
-- Looking for unistd.h - found
-- Performing Test C_HAS_inline
-- Performing Test C_HAS_inline - Success
-- Check size of signed short
-- Check size of signed short - done
-- Check size of unsigned short
-- Check size of unsigned short - done
-- Check size of signed int
-- Check size of signed int - done
-- Check size of unsigned int
-- Check size of unsigned int - done
-- Check size of signed long
-- Check size of signed long - done
-- Check size of unsigned long
-- Check size of unsigned long - done
-- Check size of signed long long
-- Check size of signed long long - done
-- Check size of unsigned long long
-- Check size of unsigned long long - done
-- Check size of unsigned char *
-- Check size of unsigned char * - done
-- Check size of size_t
-- Check size of size_t - done
-- Check size of ptrdiff_t
-- Check size of ptrdiff_t - done
-- Check size of INT8
-- Check size of INT8 - failed
-- Check size of INT16
-- Check size of INT16 - failed
-- Check size of INT32
-- Check size of INT32 - failed
-- Looking for floor
-- Looking for floor - found
-- Looking for pow
-- Looking for pow - found
-- Looking for sqrt
-- Looking for sqrt - found
-- Looking for isascii
-- Looking for isascii - found
-- Looking for memset
-- Looking for memset - found
-- Looking for mmap
-- Looking for mmap - found
-- Looking for getopt
-- Looking for getopt - found
-- Looking for memmove
-- Looking for memmove - found
-- Looking for setmode
-- Looking for setmode - not found
-- Looking for strcasecmp
-- Looking for strcasecmp - found
-- Looking for strchr
-- Looking for strchr - found
-- Looking for strrchr
-- Looking for strrchr - found
-- Looking for strstr
-- Looking for strstr - found
-- Looking for strtol
-- Looking for strtol - found
-- Looking for strtol
-- Looking for strtol - found
-- Looking for strtoull
-- Looking for strtoull - found
-- Looking for lfind
-- Looking for lfind - found
-- Performing Test HAVE_C_WNO_UNUSED_BUT_SET_VARIABLE
-- Performing Test HAVE_C_WNO_UNUSED_BUT_SET_VARIABLE - Success
-- Performing Test HAVE_C_WNO_MISSING_PROTOTYPES
-- Performing Test HAVE_C_WNO_MISSING_PROTOTYPES - Success
-- Performing Test HAVE_C_WNO_MISSING_DECLARATIONS
-- Performing Test HAVE_C_WNO_MISSING_DECLARATIONS - Success
-- Performing Test HAVE_C_WNO_UNDEF
-- Performing Test HAVE_C_WNO_UNDEF - Success
-- Performing Test HAVE_C_WNO_UNUSED
-- Performing Test HAVE_C_WNO_UNUSED - Success
-- Performing Test HAVE_C_WNO_CAST_ALIGN
-- Performing Test HAVE_C_WNO_CAST_ALIGN - Success
-- Performing Test HAVE_C_WNO_SHADOW
-- Performing Test HAVE_C_WNO_SHADOW - Success
-- Performing Test HAVE_C_WNO_MAYBE_UNINITIALIZED
-- Performing Test HAVE_C_WNO_MAYBE_UNINITIALIZED - Success
-- Performing Test HAVE_C_WNO_POINTER_TO_INT_CAST
-- Performing Test HAVE_C_WNO_POINTER_TO_INT_CAST - Success
-- Performing Test HAVE_C_WNO_INT_TO_POINTER_CAST
-- Performing Test HAVE_C_WNO_INT_TO_POINTER_CAST - Success
-- Performing Test HAVE_C_WNO_MISLEADING_INDENTATION
-- Performing Test HAVE_C_WNO_MISLEADING_INDENTATION - Success
-- Performing Test HAVE_C_WNO_ARRAY_PARAMETER
-- Performing Test HAVE_C_WNO_ARRAY_PARAMETER - Success
-- Performing Test HAVE_C_WNO_STRICT_PROTOTYPES
-- Performing Test HAVE_C_WNO_STRICT_PROTOTYPES - Success
-- Performing Test HAVE_CXX_WNO_MISSING_DECLARATIONS
-- Performing Test HAVE_CXX_WNO_MISSING_DECLARATIONS - Success
-- Performing Test HAVE_CXX_WNO_UNUSED_PARAMETER
-- Performing Test HAVE_CXX_WNO_UNUSED_PARAMETER - Success
-- Performing Test HAVE_CXX_WNO_MISSING_PROTOTYPES
-- Performing Test HAVE_CXX_WNO_MISSING_PROTOTYPES - Failed
-- Performing Test HAVE_CXX_WNO_UNDEF
-- Performing Test HAVE_CXX_WNO_UNDEF - Success
-- Performing Test HAVE_C_WNO_UNUSED_VARIABLE
-- Performing Test HAVE_C_WNO_UNUSED_VARIABLE - Success
-- Performing Test HAVE_C_WNO_UNUSED_FUNCTION
-- Performing Test HAVE_C_WNO_UNUSED_FUNCTION - Success
-- Could NOT find OpenJPEG (minimal suitable version: 2.0, recommended version >= 2.3.1). OpenJPEG will be built from sources
-- Performing Test HAVE_C_WNO_IMPLICIT_CONST_INT_FLOAT_CONVERSION
-- Performing Test HAVE_C_WNO_IMPLICIT_CONST_INT_FLOAT_CONVERSION - Failed
-- Performing Test HAVE_C_WNO_DOCUMENTATION
-- Performing Test HAVE_C_WNO_DOCUMENTATION - Failed
-- OpenJPEG: VERSION = 2.5.3, BUILD = opencv-5.0.0-openjp2-2.5.3
-- Looking for stdio.h
-- Looking for stdio.h - found
-- Looking for math.h
-- Looking for math.h - found
-- Looking for float.h
-- Looking for float.h - found
-- Looking for time.h
-- Looking for time.h - found
-- Looking for stdarg.h
-- Looking for stdarg.h - found
-- Looking for ctype.h
-- Looking for ctype.h - found
-- Looking for stdint.h
-- Looking for stdint.h - found
-- Looking for inttypes.h
-- Looking for inttypes.h - found
-- Looking for sys/stat.h
-- Looking for sys/stat.h - found
-- Looking for include file malloc.h
-- Looking for include file malloc.h - found
-- Looking for _aligned_malloc
-- Looking for _aligned_malloc - not found
-- Looking for posix_memalign
-- Looking for posix_memalign - found
-- Looking for memalign
-- Looking for memalign - found
-- Performing Test HAVE_C_WNO_CAST_FUNCTION_TYPE
-- Performing Test HAVE_C_WNO_CAST_FUNCTION_TYPE - Success
-- OpenJPEG libraries will be built from sources: libopenjp2 (version "2.5.3")
-- Performing Test HAVE_C_WNO_NULL_POINTER_SUBTRACTION
-- Performing Test HAVE_C_WNO_NULL_POINTER_SUBTRACTION - Failed
-- libva: missing va.h header (VA_INCLUDE_DIR)
-- Could NOT find Atlas (missing: Atlas_CBLAS_INCLUDE_DIR Atlas_CLAPACK_INCLUDE_DIR Atlas_CBLAS_LIBRARY Atlas_BLAS_LIBRARY Atlas_LAPACK_LIBRARY) 
-- Looking for sgemm_
-- Looking for sgemm_ - not found
-- Found Threads: TRUE
-- Could NOT find BLAS (missing: BLAS_LIBRARIES) 
-- Could NOT find LAPACK (missing: LAPACK_LIBRARIES) 
    Reason given by package: LAPACK could not be found because dependency BLAS could not be found.

-- Lapack not found - fallback to built-in
-- Performing Test HAVE_C_WNO_PARENTHESES
-- Performing Test HAVE_C_WNO_PARENTHESES - Success
-- Performing Test HAVE_C_WNO_UNINITIALIZED
-- Performing Test HAVE_C_WNO_UNINITIALIZED - Success
-- Performing Test HAVE_C_WNO_ARRAY_BOUNDS
-- Performing Test HAVE_C_WNO_ARRAY_BOUNDS - Success
-- Performing Test HAVE_C_WNO_IMPLICIT_FUNCTION_DECLARATION
-- Performing Test HAVE_C_WNO_IMPLICIT_FUNCTION_DECLARATION - Success
-- Performing Test HAVE_C_WNO_STRINGOP_TRUNCATION
-- Performing Test HAVE_C_WNO_STRINGOP_TRUNCATION - Success
-- Performing Test HAVE_C_WNO_TAUTOLOGICAL_NEGATION_COMPARE
-- Performing Test HAVE_C_WNO_TAUTOLOGICAL_NEGATION_COMPARE - Failed
-- LAPACK(Built-In): LAPACK_LIBRARIES: libclapack
-- Skipped LAPACK build check
-- Performing Test HAVE_CXX_WNO_DEPRECATED
-- Performing Test HAVE_CXX_WNO_DEPRECATED - Success
-- Performing Test HAVE_CXX_WNO_SHADOW
-- Performing Test HAVE_CXX_WNO_SHADOW - Success
-- Performing Test HAVE_CXX_WNO_UNUSED_LOCAL_TYPEDEFS
-- Performing Test HAVE_CXX_WNO_UNUSED_LOCAL_TYPEDEFS - Success
-- Performing Test HAVE_CXX_WNO_SIGN_COMPARE
-- Performing Test HAVE_CXX_WNO_SIGN_COMPARE - Success
-- Performing Test HAVE_CXX_WNO_SIGN_PROMO
-- Performing Test HAVE_CXX_WNO_SIGN_PROMO - Success
-- Performing Test HAVE_CXX_WNO_TAUTOLOGICAL_UNDEFINED_COMPARE
-- Performing Test HAVE_CXX_WNO_TAUTOLOGICAL_UNDEFINED_COMPARE - Failed
-- Performing Test HAVE_CXX_WNO_IGNORED_QUALIFIERS
-- Performing Test HAVE_CXX_WNO_IGNORED_QUALIFIERS - Success
-- Performing Test HAVE_CXX_WNO_EXTRA
-- Performing Test HAVE_CXX_WNO_EXTRA - Success
-- Performing Test HAVE_CXX_WNO_UNUSED_FUNCTION
-- Performing Test HAVE_CXX_WNO_UNUSED_FUNCTION - Success
-- Performing Test HAVE_CXX_WNO_UNUSED_CONST_VARIABLE
-- Performing Test HAVE_CXX_WNO_UNUSED_CONST_VARIABLE - Success
-- Performing Test HAVE_CXX_WNO_SHORTEN_64_TO_32
-- Performing Test HAVE_CXX_WNO_SHORTEN_64_TO_32 - Failed
-- Performing Test HAVE_CXX_WNO_INVALID_OFFSETOF
-- Performing Test HAVE_CXX_WNO_INVALID_OFFSETOF - Success
-- Performing Test HAVE_CXX_WNO_ENUM_COMPARE_SWITCH
-- Performing Test HAVE_CXX_WNO_ENUM_COMPARE_SWITCH - Failed
-- Performing Test HAVE_CXX_WNO_SUGGEST_OVERRIDE
-- Performing Test HAVE_CXX_WNO_SUGGEST_OVERRIDE - Success
-- Performing Test HAVE_CXX_WNO_INCONSISTENT_MISSING_OVERRIDE
-- Performing Test HAVE_CXX_WNO_INCONSISTENT_MISSING_OVERRIDE - Failed
-- Performing Test HAVE_CXX_WNO_IMPLICIT_FALLTHROUGH
-- Performing Test HAVE_CXX_WNO_IMPLICIT_FALLTHROUGH - Success
-- Performing Test HAVE_CXX_WNO_ARRAY_BOUNDS
-- Performing Test HAVE_CXX_WNO_ARRAY_BOUNDS - Success
-- Performing Test HAVE_CXX_WNO_STRINGOP_OVERFLOW
-- Performing Test HAVE_CXX_WNO_STRINGOP_OVERFLOW - Success
-- Performing Test HAVE_CXX_WNO_STRINGOP_OVERREAD
-- Performing Test HAVE_CXX_WNO_STRINGOP_OVERREAD - Success
-- Performing Test HAVE_CXX_WNO_EXTRA_SEMI
-- Performing Test HAVE_CXX_WNO_EXTRA_SEMI - Success
-- Performing Test HAVE_CXX_WNO_COMMA
-- Performing Test HAVE_CXX_WNO_COMMA - Failed
-- Performing Test HAVE_CXX_WNO_CLASS_MEMACCESS
-- Performing Test HAVE_CXX_WNO_CLASS_MEMACCESS - Success
-- VTK is not found. Please set -DVTK_DIR in CMake to VTK build directory, or to VTK install subdirectory with VTKConfig.cmake file
-- Using whitelist: opencv_core;opencv_features;opencv_flann;opencv_geometry;opencv_imgcodecs;opencv_imgproc;opencv_python3
-- Module opencv_calib disabled by whitelist
-- Module opencv_dnn disabled by whitelist
-- Module opencv_highgui disabled by whitelist
-- Module opencv_java_bindings_generator disabled by whitelist
-- Module opencv_js_bindings_generator disabled by whitelist
-- Module opencv_objc_bindings_generator disabled by whitelist
-- Module opencv_objdetect disabled by whitelist
-- Module opencv_photo disabled by whitelist
-- Module opencv_ptcloud disabled by whitelist
-- Module opencv_python_tests disabled by whitelist
-- Module opencv_stereo disabled by whitelist
-- Module opencv_stitching disabled by whitelist
-- Module opencv_video disabled by whitelist
-- Module opencv_videoio disabled by whitelist
-- Allocator metrics storage type: 'long long'
-- Geometry: Eigen support is disabled. Eigen is Required for Posegraph optimization
-- Excluding from source files list: modules/imgproc/src/corner.avx.cpp
-- Excluding from source files list: modules/imgproc/src/imgwarp.avx2.cpp
-- Excluding from source files list: modules/imgproc/src/imgwarp.lasx.cpp
-- Excluding from source files list: modules/imgproc/src/imgwarp.sse4_1.cpp
-- Excluding from source files list: modules/imgproc/src/resize.avx2.cpp
-- Excluding from source files list: modules/imgproc/src/resize.lasx.cpp
-- Excluding from source files list: modules/imgproc/src/resize.sse4_1.cpp
-- UNIFONT: Downloading WenQuanYiMicroHei.ttf.gz from https://raw.githubusercontent.com/vpisarev/opencv_3rdparty/cc7d85179d69a704bee209aa37ce8a657f2f8b34/WenQuanYiMicroHei.ttf.gz
-- Unicode font has been downloaded successfully.
-- Excluding from source files list: modules/features/src/fast.avx2.cpp
-- Performing Test HAVE_CXX_WNO_DEPRECATED_DECLARATIONS
-- Performing Test HAVE_CXX_WNO_DEPRECATED_DECLARATIONS - Success
-- Performing Test HAVE_CXX_WNO_OVERLOADED_VIRTUAL
-- Performing Test HAVE_CXX_WNO_OVERLOADED_VIRTUAL - Success
-- Performing Test HAVE_CXX_WNO_UNUSED_PRIVATE_FIELD
-- Performing Test HAVE_CXX_WNO_UNUSED_PRIVATE_FIELD - Failed
-- 
-- General configuration for OpenCV 5.0.0 =====================================
--   Version control:               40738fb
-- 
--   Platform:
--     Timestamp:                   2026-09-09T00:26:31Z
--     Host:                        Linux 6.17.0-1022-azure x86_64
--     CMake:                       3.31.6
--     CMake generator:             Unix Makefiles
--     CMake build tool:            /usr/bin/gmake
--     Configuration:               Release
--     Algorithm Hint:              ALGO_HINT_ACCURATE
-- 
--   CPU/HW features:
--     Baseline:                    SSE SSE2 SSE3
--       requested:                 SSE3
-- 
--   C/C++:
--     Built as dynamic libs?:      YES
--     C++ standard:                17
--     C++ Compiler:                /usr/bin/c++  (ver 13.3.0)
--     C++ flags (Release):         -fsigned-char -W -Wall -Wreturn-type -Wnon-virtual-dtor -Waddress -Wsequence-point -Wformat -Wformat-security -Wmissing-declarations -Wundef -Winit-self -Wpointer-arith -Wshadow -Wsign-promo -Wuninitialized -Wsuggest-override -Wno-delete-non-virtual-dtor -Wno-comment -Wimplicit-fallthrough=3 -Wno-strict-overflow -fdiagnostics-show-option -pthread -fomit-frame-pointer -ffunction-sections -fdata-sections  -msse3 -fvisibility=hidden -fvisibility-inlines-hidden -O3 -DNDEBUG  -DNDEBUG
--     C++ flags (Debug):           -fsigned-char -W -Wall -Wreturn-type -Wnon-virtual-dtor -Waddress -Wsequence-point -Wformat -Wformat-security -Wmissing-declarations -Wundef -Winit-self -Wpointer-arith -Wshadow -Wsign-promo -Wuninitialized -Wsuggest-override -Wno-delete-non-virtual-dtor -Wno-comment -Wimplicit-fallthrough=3 -Wno-strict-overflow -fdiagnostics-show-option -pthread -fomit-frame-pointer -ffunction-sections -fdata-sections  -msse3 -fvisibility=hidden -fvisibility-inlines-hidden -g  -O0 -DDEBUG -D_DEBUG
--     C Compiler:                  /usr/bin/cc
--     C flags (Release):           -fsigned-char -W -Wall -Wreturn-type -Waddress -Wsequence-point -Wformat -Wformat-security -Wmissing-declarations -Wmissing-prototypes -Wstrict-prototypes -Wundef -Winit-self -Wpointer-arith -Wshadow -Wuninitialized -Wno-comment -Wimplicit-fallthrough=3 -Wno-strict-overflow -fdiagnostics-show-option -pthread -fomit-frame-pointer -ffunction-sections -fdata-sections  -msse3 -fvisibility=hidden -O3 -DNDEBUG  -DNDEBUG
--     C flags (Debug):             -fsigned-char -W -Wall -Wreturn-type -Waddress -Wsequence-point -Wformat -Wformat-security -Wmissing-declarations -Wmissing-prototypes -Wstrict-prototypes -Wundef -Winit-self -Wpointer-arith -Wshadow -Wuninitialized -Wno-comment -Wimplicit-fallthrough=3 -Wno-strict-overflow -fdiagnostics-show-option -pthread -fomit-frame-pointer -ffunction-sections -fdata-sections  -msse3 -fvisibility=hidden -g  -O0 -DDEBUG -D_DEBUG
--     Linker flags (Release):      -Wl,--gc-sections -Wl,--as-needed -Wl,--no-undefined  
--     Linker flags (Debug):        -Wl,--gc-sections -Wl,--as-needed -Wl,--no-undefined  
--     ccache:                      NO
--     Precompiled headers:         NO
--     Extra dependencies:          dl m pthread rt
--     3rdparty dependencies:
-- 
--   OpenCV modules:
--     To be built:                 core features flann geometry imgcodecs imgproc python3
--     Disabled:                    world
--     Disabled by dependency:      calib dnn highgui java_bindings_generator js_bindings_generator objc_bindings_generator objdetect photo ptcloud python_tests stereo stitching video videoio
--     Unavailable:                 java ts
--     Applications:                -
--     Documentation:               NO
--     Non-free algorithms:         NO
-- 
--   GUI: 
--     VTK support:                 NO
--     Built-in Unicode font:       YES
-- 
--   Media I/O: 
--     ZLib:                        /usr/lib/x86_64-linux-gnu/libz.so (ver 1.3)
--     JPEG:                        build-libjpeg-turbo (ver 3.1.2-70)
--       SIMD Support Request:      YES
--       SIMD Support:              NO
--     WEBP:                        build (ver decoder: 0x0210, encoder: 0x0210, demux: 0x0107)
--     AVIF:                        NO
--     PNG:                         build (ver 1.6.57)
--       Metadata Support:          EXIF XMP ICC cICP
--     TIFF:                        build (ver 42 - 4.7.1)
--     JPEG 2000:                   build (ver 2.5.3)
--     GIF:                         YES
--     HDR:                         YES
--     SUNRASTER:                   YES
--     PXM:                         YES
--     PFM:                         YES
-- 
--   Video I/O:
--     v4l/v4l2:                    YES (linux/videodev2.h)
--     Orbbec:                      YES
-- 
--   Parallel framework:            pthreads
-- 
--   Trace:                         YES (built-in)
-- 
--   Other third-party libraries:
--     VA:                          NO
--     Lapack:                      YES (Built-In libclapack)
--     Eigen:                       NO
--     Custom HAL:                  NO
--     Protobuf:                    build (3.19.1)
--     Flatbuffers:                 builtin/3rdparty (25.9.23)
-- 
--   ONNX Runtime:                  NO
-- 
--   Python 3:
--     Interpreter:                 /tmp/countback-venv/bin/python (ver 3.12.3)
--     Libraries:                   /usr/lib/x86_64-linux-gnu/libpython3.12.so (ver 3.12.3)
--     Limited API:                 NO
--     numpy:                       /tmp/countback-venv/lib/python3.12/site-packages/numpy/_core/include (ver 2.2.6)
--     install path:                lib/python3.12/site-packages
-- 
--   Python (for build):            /tmp/countback-venv/bin/python
-- 
--   Install to:                    /usr/local
-- -----------------------------------------------------------------
-- 
-- Configuring done (21.5s)
-- Generating done (0.1s)
-- Build files have been written to: /tmp/countback-build
