test_120_repeated_pieces (test_batch.BatchTests.test_120_repeated_pieces) ... ok
test_80_pieces_exact (test_batch.BatchTests.test_80_pieces_exact) ... ok
test_all_original_labels_retained (test_batch.BatchTests.test_all_original_labels_retained) ... ok
test_bad_budgets (test_batch.BatchTests.test_bad_budgets) ... ok
test_bad_protocol (test_batch.BatchTests.test_bad_protocol) ... ok
test_bad_time (test_batch.BatchTests.test_bad_time) ... ok
test_duplicate_piece_rejected (test_batch.BatchTests.test_duplicate_piece_rejected) ... ok
test_duplicate_remnant_rejected (test_batch.BatchTests.test_duplicate_remnant_rejected) ... ok
test_exhaustive_infeasible (test_batch.BatchTests.test_exhaustive_infeasible) ... ok
test_full_material_balance (test_batch.BatchTests.test_full_material_balance) ... ok
test_kerf_and_trim_exact_fit (test_batch.BatchTests.test_kerf_and_trim_exact_fit) ... ok
test_large_csv_all_rows (test_batch.BatchTests.test_large_csv_all_rows) ... ok
test_large_workspace_revalidated_not_optimal (test_batch.BatchTests.test_large_workspace_revalidated_not_optimal) ... ok
test_limit_does_not_mutate_input (test_batch.BatchTests.test_limit_does_not_mutate_input) ... ok
test_limit_returns_checked_feasible_not_optimal (test_batch.BatchTests.test_limit_returns_checked_feasible_not_optimal) ... ok
test_lower_bound_is_conservative (test_batch.BatchTests.test_lower_bound_is_conservative) ... ok
test_missing_piece_rejected (test_batch.BatchTests.test_missing_piece_rejected) ... ok
test_no_new_lengths (test_batch.BatchTests.test_no_new_lengths) ... ok
test_no_remnants (test_batch.BatchTests.test_no_remnants) ... ok
test_original_small_solver_bound_unchanged (test_batch.BatchTests.test_original_small_solver_bound_unchanged) ... ok
test_payload_limit (test_batch.BatchTests.test_payload_limit) ... ok
test_protocol_audit_csv (test_batch.BatchTests.test_protocol_audit_csv) ... ok
test_protocol_auto_large (test_batch.BatchTests.test_protocol_auto_large) ... ok
test_protocol_auto_small_preserved (test_batch.BatchTests.test_protocol_auto_small_preserved) ... ok
test_remeasure_invalidates_allocation (test_batch.BatchTests.test_remeasure_invalidates_allocation) ... ok
test_remnants_physically_distinct (test_batch.BatchTests.test_remnants_physically_distinct) ... ok
test_repeated_menu_lengths (test_batch.BatchTests.test_repeated_menu_lengths) ... ok
test_short_remnant_skipped (test_batch.BatchTests.test_short_remnant_skipped) ... ok
test_too_many_distinct_lengths (test_batch.BatchTests.test_too_many_distinct_lengths) ... ok
test_too_many_pieces (test_batch.BatchTests.test_too_many_pieces) ... ok
test_unknown_is_not_infeasible (test_batch.BatchTests.test_unknown_is_not_infeasible) ... ok
test_workspace_totals_not_trusted (test_batch.BatchTests.test_workspace_totals_not_trusted) ... ok
test_zero_gap_does_not_prove_full_objective (test_batch.BatchTests.test_zero_gap_does_not_prove_full_objective) ... ok
test_zero_time_returns_checked_feasible (test_batch.BatchTests.test_zero_time_returns_checked_feasible) ... ok
test_audit_rejects_duplicate_piece (test_trimwise.EngineTests.test_audit_rejects_duplicate_piece) ... ok
test_audit_rejects_duplicate_remnant (test_trimwise.EngineTests.test_audit_rejects_duplicate_remnant) ... ok
test_audit_rejects_missing_piece (test_trimwise.EngineTests.test_audit_rejects_missing_piece) ... ok
test_below_threshold (test_trimwise.EngineTests.test_below_threshold) ... ok
test_cannot_ignore_kerf (test_trimwise.EngineTests.test_cannot_ignore_kerf) ... ok
test_cannot_ignore_trim (test_trimwise.EngineTests.test_cannot_ignore_trim) ... ok
test_csv_injection_and_unicode (test_trimwise.EngineTests.test_csv_injection_and_unicode) ... ok
test_default (test_trimwise.EngineTests.test_default) ... ok
test_exact_fit_including_both (test_trimwise.EngineTests.test_exact_fit_including_both) ... ok
test_export_invalid_blocked (test_trimwise.EngineTests.test_export_invalid_blocked) ... ok
test_fully_infeasible_not_partial (test_trimwise.EngineTests.test_fully_infeasible_not_partial) ... ok
test_input_not_mutated (test_trimwise.EngineTests.test_input_not_mutated) ... ok
test_invalid_bool_kerf (test_trimwise.EngineTests.test_invalid_bool_kerf) ... ok
test_invalid_bool_length (test_trimwise.EngineTests.test_invalid_bool_length) ... ok
test_invalid_control_label (test_trimwise.EngineTests.test_invalid_control_label) ... ok
test_invalid_duplicate_part (test_trimwise.EngineTests.test_invalid_duplicate_part) ... ok
test_invalid_duplicate_stock (test_trimwise.EngineTests.test_invalid_duplicate_stock) ... ok
test_invalid_empty_demand (test_trimwise.EngineTests.test_invalid_empty_demand) ... ok
test_invalid_empty_material (test_trimwise.EngineTests.test_invalid_empty_material) ... ok
test_invalid_extra_part_field (test_trimwise.EngineTests.test_invalid_extra_part_field) ... ok
test_invalid_float_kerf (test_trimwise.EngineTests.test_invalid_float_kerf) ... ok
test_invalid_float_length (test_trimwise.EngineTests.test_invalid_float_length) ... ok
test_invalid_long_id (test_trimwise.EngineTests.test_invalid_long_id) ... ok
test_invalid_negative_kerf (test_trimwise.EngineTests.test_invalid_negative_kerf) ... ok
test_invalid_negative_length (test_trimwise.EngineTests.test_invalid_negative_length) ... ok
test_invalid_oversized_stock (test_trimwise.EngineTests.test_invalid_oversized_stock) ... ok
test_invalid_too_many_parts (test_trimwise.EngineTests.test_invalid_too_many_parts) ... ok
test_invalid_unknown_field (test_trimwise.EngineTests.test_invalid_unknown_field) ... ok
test_invalid_version (test_trimwise.EngineTests.test_invalid_version) ... ok
test_invalid_zero_quantity (test_trimwise.EngineTests.test_invalid_zero_quantity) ... ok
test_invalid_zero_reuse (test_trimwise.EngineTests.test_invalid_zero_reuse) ... ok
test_many_identical_parts (test_trimwise.EngineTests.test_many_identical_parts) ... ok
test_mass_balance (test_trimwise.EngineTests.test_mass_balance) ... ok
test_missing_stock (test_trimwise.EngineTests.test_missing_stock) ... ok
test_more_than_one_new_bar (test_trimwise.EngineTests.test_more_than_one_new_bar) ... ok
test_no_stock_infeasible (test_trimwise.EngineTests.test_no_stock_infeasible) ... ok
test_open_not_claimed_optimal (test_trimwise.EngineTests.test_open_not_claimed_optimal) ... ok
test_open_rejects_injected_totals (test_trimwise.EngineTests.test_open_rejects_injected_totals) ... ok
test_protocol_solve_audit_csv (test_trimwise.EngineTests.test_protocol_solve_audit_csv) ... ok
test_remeasure_catches_short_bar (test_trimwise.EngineTests.test_remeasure_catches_short_bar) ... ok
test_remnant_only (test_trimwise.EngineTests.test_remnant_only) ... ok
test_reuse_threshold_inclusive (test_trimwise.EngineTests.test_reuse_threshold_inclusive) ... ok
test_too_large_payload (test_trimwise.EngineTests.test_too_large_payload) ... ok
test_unused_offcuts_not_scrap (test_trimwise.EngineTests.test_unused_offcuts_not_scrap) ... ok
test_zero_kerf (test_trimwise.EngineTests.test_zero_kerf) ... ok

----------------------------------------------------------------------
Ran 79 tests in 0.762s

OK
