Traceback (most recent call last):
  File "/home/runner/work/Joseph-Portfolio/Joseph-Portfolio/tests/delivery_browser.py", line 35, in <module>
    line=server.stdout.readline();url=line.split('Delivery Lab: ',1)[1].strip();page.set_viewport_size({'width':1440,'height':1050});page.goto(url+'/delivery.html?live=1');expect(page.locator('#mode')).to_contain_text('LIVE');ok('Live mode uses the loopback API')
                                                                                                                                                                            ^^^^^^^^^^^^^^^^^^^^^^^^^^^^^^^^^^^^^^^^^^^^^^^^^^^^^
  File "/tmp/forkline-outbox-venv/lib/python3.12/site-packages/playwright/sync_api/_generated.py", line 19214, in to_contain_text
    self._sync(
  File "/tmp/forkline-outbox-venv/lib/python3.12/site-packages/playwright/_impl/_sync_base.py", line 115, in _sync
    return task.result()
           ^^^^^^^^^^^^^
  File "/tmp/forkline-outbox-venv/lib/python3.12/site-packages/playwright/_impl/_assertions.py", line 227, in to_contain_text
    await self._expect_impl(
  File "/tmp/forkline-outbox-venv/lib/python3.12/site-packages/playwright/_impl/_assertions.py", line 83, in _expect_impl
    raise AssertionError(
AssertionError: Locator expected to contain text 'LIVE'
Actual value: REPLAY · executed local integration 
Call log:
  - Expect "to_contain_text" with timeout 5000ms
  - waiting for locator("#mode")
    9 × locator resolved to <span id="mode" class="pill">REPLAY · executed local integration</span>
      - unexpected value "REPLAY · executed local integration"

