
> forkline-rehearsal@0.1.0 test
> node --test tests/engine.test.mjs tests/outbox.test.mjs

TAP version 13
# Subtest: read does not change state
ok 1 - read does not change state
  ---
  duration_ms: 2.777907
  type: 'test'
  ...
# Subtest: three blocks are required including inclusion
ok 2 - three blocks are required including inclusion
  ---
  duration_ms: 1.722506
  type: 'test'
  ...
# Subtest: early delivery rejected
ok 3 - early delivery rejected
  ---
  duration_ms: 0.797379
  type: 'test'
  ...
# Subtest: stale head cannot authorize delivery
ok 4 - stale head cannot authorize delivery
  ---
  duration_ms: 0.536001
  type: 'test'
  ...
# Subtest: duplicate delivery is not counted twice
ok 5 - duplicate delivery is not counted twice
  ---
  duration_ms: 0.574472
  type: 'test'
  ...
# Subtest: orphan before delivery is not irreversible debt
ok 6 - orphan before delivery is not irreversible debt
  ---
  duration_ms: 0.3105
  type: 'test'
  ...
# Subtest: deep reorg latches and preserves irreversible delivery
ok 7 - deep reorg latches and preserves irreversible delivery
  ---
  duration_ms: 0.660022
  type: 'test'
  ...
# Subtest: restored session recomputes all outcomes
ok 8 - restored session recomputes all outcomes
  ---
  duration_ms: 1.362504
  type: 'test'
  ...
# Subtest: saved file cannot inject ready state
ok 9 - saved file cannot inject ready state
  ---
  duration_ms: 0.60005
  type: 'test'
  ...
# Subtest: future delivery history rejected
ok 10 - future delivery history rejected
  ---
  duration_ms: 0.556278
  type: 'test'
  ...
# Subtest: history units cannot disagree with replay
ok 11 - history units cannot disagree with replay
  ---
  duration_ms: 0.513018
  type: 'test'
  ...
# Subtest: trace input is copied
ok 12 - trace input is copied
  ---
  duration_ms: 0.188903
  type: 'test'
  ...
# Subtest: unknown scenario rejected
ok 13 - unknown scenario rejected
  ---
  duration_ms: 0.170939
  type: 'test'
  ...
# Subtest: invalid version rejected atomically
ok 14 - invalid version rejected atomically
  ---
  duration_ms: 0.135072
  type: 'test'
  ...
# Subtest: invalid emitter rejected atomically
ok 15 - invalid emitter rejected atomically
  ---
  duration_ms: 0.130423
  type: 'test'
  ...
# Subtest: invalid duplicate block rejected atomically
ok 16 - invalid duplicate block rejected atomically
  ---
  duration_ms: 0.127348
  type: 'test'
  ...
# Subtest: invalid event block rejected atomically
ok 17 - invalid event block rejected atomically
  ---
  duration_ms: 0.124052
  type: 'test'
  ...
# Subtest: invalid broken parent rejected atomically
ok 18 - invalid broken parent rejected atomically
  ---
  duration_ms: 0.136525
  type: 'test'
  ...
# Subtest: invalid height rejected atomically
ok 19 - invalid height rejected atomically
  ---
  duration_ms: 0.134881
  type: 'test'
  ...
# Subtest: invalid negative units rejected atomically
ok 20 - invalid negative units rejected atomically
  ---
  duration_ms: 0.158587
  type: 'test'
  ...
# Subtest: invalid zero units rejected atomically
ok 21 - invalid zero units rejected atomically
  ---
  duration_ms: 0.120405
  type: 'test'
  ...
# Subtest: invalid numeric units rejected atomically
ok 22 - invalid numeric units rejected atomically
  ---
  duration_ms: 0.118732
  type: 'test'
  ...
# Subtest: invalid invalid account rejected atomically
ok 23 - invalid invalid account rejected atomically
  ---
  duration_ms: 0.118361
  type: 'test'
  ...
# Subtest: invalid missing anchor rejected atomically
ok 24 - invalid missing anchor rejected atomically
  ---
  duration_ms: 0.120495
  type: 'test'
  ...
# Subtest: invalid anchor events rejected atomically
ok 25 - invalid anchor events rejected atomically
  ---
  duration_ms: 0.130393
  type: 'test'
  ...
# Subtest: invalid duplicate log rejected atomically
ok 26 - invalid duplicate log rejected atomically
  ---
  duration_ms: 0.139531
  type: 'test'
  ...
# Subtest: invalid unknown head rejected atomically
ok 27 - invalid unknown head rejected atomically
  ---
  duration_ms: 0.187801
  type: 'test'
  ...
# Subtest: invalid duplicate scenario rejected atomically
ok 28 - invalid duplicate scenario rejected atomically
  ---
  duration_ms: 0.166401
  type: 'test'
  ...
# Subtest: invalid long note rejected atomically
ok 29 - invalid long note rejected atomically
  ---
  duration_ms: 0.173524
  type: 'test'
  ...
# Subtest: invalid threshold 0
ok 30 - invalid threshold 0
  ---
  duration_ms: 0.253133
  type: 'test'
  ...
# Subtest: invalid threshold 13
ok 31 - invalid threshold 13
  ---
  duration_ms: 0.194904
  type: 'test'
  ...
# Subtest: invalid threshold 1.5
ok 32 - invalid threshold 1.5
  ---
  duration_ms: 0.151824
  type: 'test'
  ...
# Subtest: invalid threshold -1
ok 33 - invalid threshold -1
  ---
  duration_ms: 0.204201
  type: 'test'
  ...
# Subtest: invalid threshold NaN
ok 34 - invalid threshold NaN
  ---
  duration_ms: 0.193091
  type: 'test'
  ...
# Subtest: invalid threshold 3
ok 35 - invalid threshold 3
  ---
  duration_ms: 0.14436
  type: 'test'
  ...
# Subtest: confirmation policy 1
ok 36 - confirmation policy 1
  ---
  duration_ms: 0.306102
  type: 'test'
  ...
# Subtest: confirmation policy 2
ok 37 - confirmation policy 2
  ---
  duration_ms: 0.211414
  type: 'test'
  ...
# Subtest: confirmation policy 3
ok 38 - confirmation policy 3
  ---
  duration_ms: 0.212637
  type: 'test'
  ...
# Subtest: confirmation policy 4
ok 39 - confirmation policy 4
  ---
  duration_ms: 0.564784
  type: 'test'
  ...
# Subtest: confirmation policy 5
ok 40 - confirmation policy 5
  ---
  duration_ms: 0.361605
  type: 'test'
  ...
# Subtest: confirmation policy 6
ok 41 - confirmation policy 6
  ---
  duration_ms: 0.374108
  type: 'test'
  ...
# Subtest: confirmation policy 7
ok 42 - confirmation policy 7
  ---
  duration_ms: 0.580303
  type: 'test'
  ...
# Subtest: confirmation policy 8
ok 43 - confirmation policy 8
  ---
  duration_ms: 0.175718
  type: 'test'
  ...
# Subtest: confirmation policy 9
ok 44 - confirmation policy 9
  ---
  duration_ms: 0.206906
  type: 'test'
  ...
# Subtest: confirmation policy 10
ok 45 - confirmation policy 10
  ---
  duration_ms: 0.165509
  type: 'test'
  ...
# Subtest: confirmation policy 11
ok 46 - confirmation policy 11
  ---
  duration_ms: 0.159878
  type: 'test'
  ...
# Subtest: confirmation policy 12
ok 47 - confirmation policy 12
  ---
  duration_ms: 0.223818
  type: 'test'
  ...
# Subtest: duplicate business orders conflict
ok 48 - duplicate business orders conflict
  ---
  duration_ms: 0.505203
  type: 'test'
  ...
# Subtest: loss of confirmations latches even if event survives
ok 49 - loss of confirmations latches even if event survives
  ---
  duration_ms: 0.481439
  type: 'test'
  ...
# (node:3160) ExperimentalWarning: SQLite is an experimental feature and might change at any time
# (Use `node --trace-warnings ...` to show where the warning was created)
# Subtest: queued work is revalidated before HTTP dispatch, including after a worker restart
ok 50 - queued work is revalidated before HTTP dispatch, including after a worker restart
  ---
  duration_ms: 80.492161
  type: 'test'
  ...
# Subtest: same transaction and waiting rule: enqueue-only consumer creates an orphan ticket; guarded consumer does not
ok 51 - same transaction and waiting rule: enqueue-only consumer creates an orphan ticket; guarded consumer does not
  ---
  duration_ms: 73.722408
  type: 'test'
  ...
# Subtest: duplicate enqueue and dispatch create one durable receiver ticket
ok 52 - duplicate enqueue and dispatch create one durable receiver ticket
  ---
  duration_ms: 25.461791
  type: 'test'
  ...
# Subtest: receiver rejects key reuse for different payload bytes
ok 53 - receiver rejects key reuse for different payload bytes
  ---
  duration_ms: 25.633006
  type: 'test'
  ...
# Subtest: lost HTTP acknowledgement is uncertain, never zero effects, and reconciliation does not POST again
ok 54 - lost HTTP acknowledgement is uncertain, never zero effects, and reconciliation does not POST again
  ---
  duration_ms: 36.937124
  type: 'test'
  ...
# Subtest: receipt discovered after a reorg is preserved and latches an incident
ok 55 - receipt discovered after a reorg is preserved and latches an incident
  ---
  duration_ms: 32.036785
  type: 'test'
  ...
# Subtest: process death after receiver commit and before acknowledgement survives true process restart
ok 56 - process death after receiver commit and before acknowledgement survives true process restart
  ---
  duration_ms: 102.889782
  type: 'test'
  ...
# Subtest: an absent receipt keeps the command uncertain and blocks blind retry
ok 57 - an absent receipt keeps the command uncertain and blocks blind retry
  ---
  duration_ms: 25.822445
  type: 'test'
  ...
# Subtest: wrong receipt binding cannot mark delivered
ok 58 - wrong receipt binding cannot mark delivered
  ---
  duration_ms: 19.325411
  type: 'test'
  ...
# Subtest: duplicate reconciling is idempotent
ok 59 - duplicate reconciling is idempotent
  ---
  duration_ms: 24.464902
  type: 'test'
  ...
# Subtest: original event returning does not clear a persistent incident after restart
ok 60 - original event returning does not clear a persistent incident after restart
  ---
  duration_ms: 28.726628
  type: 'test'
  ...
# Subtest: unconfirmed and stale-head enqueues are rejected
ok 61 - unconfirmed and stale-head enqueues are rejected
  ---
  duration_ms: 4.380178
  type: 'test'
  ...
# Subtest: same database cannot be opened by two live workers
ok 62 - same database cannot be opened by two live workers
  ---
  duration_ms: 6.178275
  type: 'test'
  ...
# Subtest: queue transaction rolls back if its audit write fails
ok 63 - queue transaction rolls back if its audit write fails
  ---
  duration_ms: 4.287365
  type: 'test'
  ...
# Subtest: non-loopback destinations are rejected
ok 64 - non-loopback destinations are rejected
  ---
  duration_ms: 0.223247
  type: 'test'
  ...
# Subtest: local API refuses cross-origin and non-JSON writes
ok 65 - local API refuses cross-origin and non-JSON writes
  ---
  duration_ms: 24.184955
  type: 'test'
  ...
1..65
# tests 65
# suites 0
# pass 65
# fail 0
# cancelled 0
# skipped 0
# todo 0
# duration_ms 597.773327
