
127.0.0.1 - - [07/Sep/2026 15:02:57] "GET /index.html HTTP/1.1" 200 -
Traceback (most recent call last):
  File "/home/runner/work/Joseph-Portfolio/Joseph-Portfolio/public/geodrift/tests/browser.py", line 22, in <module>
    run();assert page.inner_text('#changed')=='196,608';assert page.inner_text('#lost')=='65,536';assert page.inner_text('#requests')=='165';assert 'Review before rollout'in page.inner_text('#status');ok('Real Web Worker detects the synthetic decision changes and removed vendor-sample range')
    ^^^^^
  File "/home/runner/work/Joseph-Portfolio/Joseph-Portfolio/public/geodrift/tests/browser.py", line 21, in run
    page.click('#run');page.wait_for_function("document.querySelector('#run').disabled === false",timeout=30000)
                       ^^^^^^^^^^^^^^^^^^^^^^^^^^^^^^^^^^^^^^^^^^^^^^^^^^^^^^^^^^^^^^^^^^^^^^^^^^^^^^^^^^^^^^^^^
  File "/tmp/geodrift/lib/python3.12/site-packages/playwright/sync_api/_generated.py", line 11559, in wait_for_function
    self._sync(
  File "/tmp/geodrift/lib/python3.12/site-packages/playwright/_impl/_sync_base.py", line 115, in _sync
    return task.result()
           ^^^^^^^^^^^^^
  File "/tmp/geodrift/lib/python3.12/site-packages/playwright/_impl/_page.py", line 1113, in wait_for_function
    return await self._main_frame.wait_for_function(**locals_to_params(locals()))
           ^^^^^^^^^^^^^^^^^^^^^^^^^^^^^^^^^^^^^^^^^^^^^^^^^^^^^^^^^^^^^^^^^^^^^^
  File "/tmp/geodrift/lib/python3.12/site-packages/playwright/_impl/_frame.py", line 860, in wait_for_function
    await self._channel.send("waitForFunction", self._timeout, params)
  File "/tmp/geodrift/lib/python3.12/site-packages/playwright/_impl/_connection.py", line 69, in send
    return await self._connection.wrap_api_call(
           ^^^^^^^^^^^^^^^^^^^^^^^^^^^^^^^^^^^^^
  File "/tmp/geodrift/lib/python3.12/site-packages/playwright/_impl/_connection.py", line 558, in wrap_api_call
    raise rewrite_error(error, f"{parsed_st['apiName']}: {error}") from None
playwright._impl._errors.Error: Page.wait_for_function: EvalError: Evaluating a string as JavaScript violates the following Content Security Policy directive because 'unsafe-eval' is not an allowed source of script: script-src 'unsafe-inline' blob:".

    at eval (<anonymous>)
    at predicate (eval at evaluate (:291:30), <anonymous>:4:56)
    at next (eval at evaluate (:291:30), <anonymous>:29:29)
